Microchip MPLAB XC8 Compiler V2.10 ()

Linker command line:

-W-3 --edf=C:\Program Files (x86)\Microchip\xc8\v2.10\pic\dat\en_msgs.txt \
  -cs -h+dist/default/production\Electric_water.production.sym \
  --cmf=dist/default/production\Electric_water.production.cmf -z -Q16F877A \
  -oC:\Users\Rabso\AppData\Local\Temp\s8g4.2 --defsym=__MPLAB_BUILD=1 \
  -Mdist/default/production/Electric_water.production.map -E1 -ver=XC8 \
  --acfsm=1493 -ASTACK=0110h-016Fh -pstack=STACK -ACODE=00h-07FFhx4 \
  -ASTRCODE=00h-01FFFh -ASTRING=00h-0FFhx32 -ACONST=00h-0FFhx32 \
  -AENTRY=00h-0FFhx32 -ACOMMON=070h-07Fh -ABANK0=020h-06Fh \
  -ABANK1=0A0h-0EFh -ABANK2=0110h-016Fh -ABANK3=0190h-01EFh \
  -ARAM=020h-06Fh,0A0h-0EFh,0110h-016Fh,0190h-01EFh \
  -AABS1=020h-07Fh,0A0h-0EFh,0110h-016Fh,0190h-01EFh -ASFR0=00h-01Fh \
  -ASFR1=080h-09Fh -ASFR2=0100h-010Fh -ASFR3=0180h-018Fh \
  -preset_vec=00h,intentry=04h,init,end_init -ppowerup=CODE -pcinit=CODE \
  -pfunctab=ENTRY -ACONFIG=02007h-02007h -pconfig=CONFIG -DCONFIG=2 \
  -AIDLOC=02000h-02003h -pidloc=IDLOC -DIDLOC=2 -AEEDATA=00h-0FFh/02100h \
  -peeprom_data=EEDATA -DEEDATA=2 -DCODE=2 -DSTRCODE=2 -DSTRING=2 -DCONST=2 \
  -DENTRY=2 -k C:\Users\Rabso\AppData\Local\Temp\s8g4.o \
  dist/default/production\Electric_water.production.o 

Object code version is 3.11

Machine type is 16F877A



                Name                               Link     Load   Length Selector   Space Scale
C:\Users\Rabso\AppData\Local\Temp\s8g4.o
                end_init                             12       12        3        8       0
                reset_vec                             0        0        3        0       0
                config                             2007     2007        1     400E       0
dist/default/production\Electric_water.production.o
                cinit                                15       15       21        8       0
                intentry                              4        4        E        8       0
                text43                              C10      C10       34     1820       0
                text42                              A2C      A2C        D     1458       0
                text41                              E57      E57       67     1CAE       0
                text40                              D9F      D9F       59     1B3E       0
                text39                              DF8      DF8       5F     1BF0       0
                text38                              F92      F92       6E     1F24       0
                text37                              C78      C78       42     18F0       0
                text36                              9E3      9E3        6     13C6       0
                text35                              9E9      9E9        7     13D2       0
                text34                              A39      A39        D     1472       0
                text33                              9FF      9FF        9     13FE       0
                text32                              A08      A08        9     1410       0
                text31                              A61      A61       10     14C2       0
                text30                              ADB      ADB       1D     15B6       0
                text29                              F26      F26       6C     1E4C       0
                text28                              AA6      AA6       19     154C       0
                text27                              A81      A81       11     1502       0
                text26                              B87      B87       28     170E       0
                text25                              397      397      1DD        8       0
                text24                              B60      B60       27     16C0       0
                text23                               36       36      361        8       0
                text22                              783      783       7C        8       0
                text21                              630      630       BC        8       0
                text20                              CBA      CBA       44     1974       0
                text19                              BAF      BAF       30     175E       0
                text18                              574      574       BC        8       0
                text17                              D4B      D4B       54     1A96       0
                text16                              6EC      6EC       97        8       0
                text15                              EBE      EBE       68     1D7C       0
                text14                              C44      C44       34     1888       0
                text13                              A71      A71       10     14E2       0
                text12                              A53      A53        E     14A6       0
                text11                              A46      A46        D     148C       0
                text10                              A11      A11        9     1422       0
                text9                               A1A      A1A        9     1434       0
                text8                               A92      A92       14     1524       0
                text7                               BDF      BDF       31     17BE       0
                text6                               AF8      AF8       1F     15F0       0
                text5                               9F0      9F0        7     13E0       0
                text4                               B3B      B3B       25     1676       0
                text3                               ABF      ABF       1C     157E       0
                text2                               A23      A23        9     1446       0
                text1                               B17      B17       24     162E       0
                maintext                            CFE      CFE       4D     19FC       0
                cstackBANK0                          20       20       36       20       1
                cstackCOMMON                         70       70        E       70       1
                cstackBANK1                          A0       A0       17       A0       1
                clrtext                             9F7      9F7        8     13EE       0
                bssBANK1                             B7       B7       14       A0       1
                dataBANK0                            6A       6A        2       20       1
                bssBANK0                             56       56       14       20       1
                idataBANK0                          9E1      9E1        2     13C2       0

TOTAL           Name                               Link     Load   Length     Space
        CLASS   STACK          

        CLASS   CODE           
                end_init                             12       12        3         0
                cinit                                15       15       21         0
                intentry                              4        4        E         0
                reset_vec                             0        0        3         0
                text43                              C10      C10       34         0
                text42                              A2C      A2C        D         0
                text41                              E57      E57       67         0
                text40                              D9F      D9F       59         0
                text39                              DF8      DF8       5F         0
                text38                              F92      F92       6E         0
                text37                              C78      C78       42         0
                text36                              9E3      9E3        6         0
                text35                              9E9      9E9        7         0
                text34                              A39      A39        D         0
                text33                              9FF      9FF        9         0
                text32                              A08      A08        9         0
                text31                              A61      A61       10         0
                text30                              ADB      ADB       1D         0
                text29                              F26      F26       6C         0
                text28                              AA6      AA6       19         0
                text27                              A81      A81       11         0
                text26                              B87      B87       28         0
                text25                              397      397      1DD         0
                text24                              B60      B60       27         0
                text23                               36       36      361         0
                text22                              783      783       7C         0
                text21                              630      630       BC         0
                text20                              CBA      CBA       44         0
                text19                              BAF      BAF       30         0
                text18                              574      574       BC         0
                text17                              D4B      D4B       54         0
                text16                              6EC      6EC       97         0
                text15                              EBE      EBE       68         0
                text14                              C44      C44       34         0
                text13                              A71      A71       10         0
                text12                              A53      A53        E         0
                text11                              A46      A46        D         0
                text10                              A11      A11        9         0
                text9                               A1A      A1A        9         0
                text8                               A92      A92       14         0
                text7                               BDF      BDF       31         0
                text6                               AF8      AF8       1F         0
                text5                               9F0      9F0        7         0
                text4                               B3B      B3B       25         0
                text3                               ABF      ABF       1C         0
                text2                               A23      A23        9         0
                text1                               B17      B17       24         0
                maintext                            CFE      CFE       4D         0
                clrtext                             9F7      9F7        8         0
                idataBANK0                          9E1      9E1        2         0

        CLASS   STRCODE        

        CLASS   STRING         

        CLASS   CONST          

        CLASS   ENTRY          

        CLASS   COMMON         
                cstackCOMMON                         70       70        E         1

        CLASS   BANK0          
                cstackBANK0                          20       20       36         1
                dataBANK0                            6A       6A        2         1
                bssBANK0                             56       56       14         1

        CLASS   BANK1          
                cstackBANK1                          A0       A0       17         1
                bssBANK1                             B7       B7       14         1

        CLASS   BANK2          

        CLASS   BANK3          

        CLASS   RAM            

        CLASS   ABS1           
                abs_s1                               7E       7E        2         1

        CLASS   SFR0           

        CLASS   SFR1           

        CLASS   SFR2           

        CLASS   SFR3           

        CLASS   CONFIG         
                config                             2007     2007        1         0

        CLASS   IDLOC          

        CLASS   EEDATA         



SEGMENTS        Name                           Load    Length   Top    Selector   Space  Class     Delta

                reset_vec                      000000  000003  000003         0       0  CODE        2
                intentry                       000004  0007FB  0007FF         8       0  CODE        2
                cstackBANK0                    000020  00004C  00006C        20       1  BANK0       1
                cstackCOMMON                   000070  00000E  00007E        70       1  COMMON      1
                cstackBANK1                    0000A0  00002B  0000CB        A0       1  BANK1       1
                idataBANK0                     0009E1  000002  0009E3      13C2       0  CODE        2
                text36                         0009E3  000006  0009E9      13C6       0  CODE        2
                text35                         0009E9  000007  0009F0      13D2       0  CODE        2
                text5                          0009F0  000007  0009F7      13E0       0  CODE        2
                clrtext                        0009F7  000008  0009FF      13EE       0  CODE        2
                text33                         0009FF  000009  000A08      13FE       0  CODE        2
                text32                         000A08  000009  000A11      1410       0  CODE        2
                text10                         000A11  000009  000A1A      1422       0  CODE        2
                text9                          000A1A  000009  000A23      1434       0  CODE        2
                text2                          000A23  000009  000A2C      1446       0  CODE        2
                text42                         000A2C  00000D  000A39      1458       0  CODE        2
                text34                         000A39  00000D  000A46      1472       0  CODE        2
                text11                         000A46  00000D  000A53      148C       0  CODE        2
                text12                         000A53  00000E  000A61      14A6       0  CODE        2
                text31                         000A61  000010  000A71      14C2       0  CODE        2
                text13                         000A71  000010  000A81      14E2       0  CODE        2
                text27                         000A81  000011  000A92      1502       0  CODE        2
                text8                          000A92  000014  000AA6      1524       0  CODE        2
                text28                         000AA6  000019  000ABF      154C       0  CODE        2
                text3                          000ABF  00001C  000ADB      157E       0  CODE        2
                text30                         000ADB  00001D  000AF8      15B6       0  CODE        2
                text6                          000AF8  00001F  000B17      15F0       0  CODE        2
                text1                          000B17  000024  000B3B      162E       0  CODE        2
                text4                          000B3B  000025  000B60      1676       0  CODE        2
                text24                         000B60  000027  000B87      16C0       0  CODE        2
                text26                         000B87  000028  000BAF      170E       0  CODE        2
                text19                         000BAF  000030  000BDF      175E       0  CODE        2
                text7                          000BDF  000031  000C10      17BE       0  CODE        2
                text43                         000C10  000034  000C44      1820       0  CODE        2
                text14                         000C44  000034  000C78      1888       0  CODE        2
                text37                         000C78  000042  000CBA      18F0       0  CODE        2
                text20                         000CBA  000044  000CFE      1974       0  CODE        2
                maintext                       000CFE  00004D  000D4B      19FC       0  CODE        2
                text17                         000D4B  000054  000D9F      1A96       0  CODE        2
                text40                         000D9F  000059  000DF8      1B3E       0  CODE        2
                text39                         000DF8  00005F  000E57      1BF0       0  CODE        2
                text41                         000E57  000067  000EBE      1CAE       0  CODE        2
                text15                         000EBE  000068  000F26      1D7C       0  CODE        2
                text29                         000F26  00006C  000F92      1E4C       0  CODE        2
                text38                         000F92  00006E  001000      1F24       0  CODE        2
                config                         002007  000001  002008      400E       0  CONFIG      2


UNUSED ADDRESS RANGES

        Name                Unused          Largest block    Delta
        BANK0            006C-006F              4           1
        BANK1            00CB-00EF             25           1
        BANK2            0110-016F             60           1
        BANK3            0190-01EF             60           1
        CODE             0003-0003              1           2
                         07FF-09E0              1
                         1000-1FFF            800
        CONST            0003-0003              1           2
                         07FF-09E0            100
                         1000-1FFF            100
        EEDATA           2100-21FF            100           2
        ENTRY            0003-0003              1           2
                         07FF-09E0            100
                         1000-1FFF            100
        IDLOC            2000-2003              4           2
        RAM              006C-006F              4           1
                         00CB-00EF             25
                         0110-016F             60
                         0190-01EF             60
        SFR0             0000-001F             20           1
        SFR1             0080-009F             20           1
        SFR2             0100-010F             10           1
        SFR3             0180-018F             10           1
        STACK            0110-016F             60           1
        STRCODE          0003-0003              1           2
                         07FF-09E0            1E2
                         1000-1FFF           1000
        STRING           0003-0003              1           2
                         07FF-09E0            100
                         1000-1FFF            100

                                  Symbol Table

?_ADC_Read                  cstackCOMMON 0070
?__Umul8_16                 cstackCOMMON 0070
?___awdiv                   cstackCOMMON 0070
?___awmod                   cstackCOMMON 0070
?___fldiv                   cstackBANK0  0026
?___flmul                   cstackBANK0  0026
?___fltol                   cstackBANK0  0040
?___lldiv                   cstackBANK1  00A0
?___lwdiv                   cstackCOMMON 0070
?___xxtofl                  cstackCOMMON 0075
ADC_Read@channel            cstackCOMMON 0074
EEPROM_read@_x              cstackBANK1  00A4
EEPROM_read@address         cstackBANK1  00A1
EEPROM_write@_x             cstackCOMMON 0073
EEPROM_write@address        cstackCOMMON 0071
I2C1_Init@freq              cstackBANK1  00AE
I2C1_Wr@_data               cstackBANK1  00A0
_ADCON0                     (abs)        001F
_ADCON1                     (abs)        009F
_ADC_Init                   text3        0ABF
_ADC_Read                   text26       0B87
_ADRESH                     (abs)        001E
_ADRESL                     (abs)        009E
_EEPROM_init                text13       0A71
_EEPROM_read                text7        0BDF
_EEPROM_write               text30       0ADB
_I2C1_Init                  text14       0C44
_I2C1_Rd                    text12       0A53
_I2C1_Start                 text10       0A11
_I2C1_Stop                  text9        0A1A
_I2C1_Wr                    text8        0A92
_I2C_Wait                   text11       0A46
_INTCON                     (abs)        000B
_PIE1                       (abs)        008C
_PIR1                       (abs)        000C
_PORTA                      (abs)        0005
_PORTB                      (abs)        0006
_PORTC                      (abs)        0007
_PORTD                      (abs)        0008
_SSPADD                     (abs)        0093
_SSPBUF                     (abs)        0013
_SSPCON                     (abs)        0014
_SSPCON2                    (abs)        0091
_SSPIF                      (abs)        0063
_SSPSTAT                    (abs)        0094
_T2CON                      (abs)        0012
_TMR2                       (abs)        0011
_TRISA                      (abs)        0085
_TRISB                      (abs)        0086
_TRISC                      (abs)        0087
_TRISD                      (abs)        0088
__CFG_BOREN$OFF             (abs)        0000
__CFG_CP$OFF                (abs)        0000
__CFG_CPD$OFF               (abs)        0000
__CFG_FOSC$EXTRC            (abs)        0000
__CFG_LVP$ON                (abs)        0000
__CFG_PWRTE$OFF             (abs)        0000
__CFG_WDTE$OFF              (abs)        0000
__CFG_WRT$OFF               (abs)        0000
__Habs1                     abs1         0000
__Hbank0                    bank0        0000
__Hbank1                    bank1        0000
__Hbank2                    bank2        0000
__Hbank3                    bank3        0000
__HbssBANK0                 bssBANK0     0000
__HbssBANK1                 bssBANK1     0000
__Hcinit                    cinit        0036
__Hclrtext                  clrtext      0000
__Hcode                     code         0000
__Hcommon                   common       0000
__Hconfig                   config       2008
__HcstackBANK0              cstackBANK0  0000
__HcstackBANK1              cstackBANK1  0000
__HcstackCOMMON             cstackCOMMON 0000
__HdataBANK0                dataBANK0    0000
__Heeprom_data              eeprom_data  0000
__Hend_init                 end_init     0015
__Hfunctab                  functab      0000
__HidataBANK0               idataBANK0   0000
__Hidloc                    idloc        0000
__Hinit                     init         0012
__Hintentry                 intentry     0012
__Hmaintext                 maintext     0000
__Hpowerup                  powerup      0000
__Hram                      ram          0000
__Hreset_vec                reset_vec    0003
__Hsfr0                     sfr0         0000
__Hsfr1                     sfr1         0000
__Hsfr2                     sfr2         0000
__Hsfr3                     sfr3         0000
__Hspace_0                  (abs)        2008
__Hspace_1                  (abs)        00CB
__Hspace_2                  (abs)        0000
__Hspace_3                  (abs)        0000
__Hstack                    stack        0000
__Hstrings                  strings      0000
__Htext                     text         0000
__Labs1                     abs1         0000
__Lbank0                    bank0        0000
__Lbank1                    bank1        0000
__Lbank2                    bank2        0000
__Lbank3                    bank3        0000
__LbssBANK0                 bssBANK0     0000
__LbssBANK1                 bssBANK1     0000
__Lcinit                    cinit        0015
__Lclrtext                  clrtext      0000
__Lcode                     code         0000
__Lcommon                   common       0000
__Lconfig                   config       2007
__LcstackBANK0              cstackBANK0  0000
__LcstackBANK1              cstackBANK1  0000
__LcstackCOMMON             cstackCOMMON 0000
__LdataBANK0                dataBANK0    0000
__Leeprom_data              eeprom_data  0000
__Lend_init                 end_init     0012
__Lfunctab                  functab      0000
__LidataBANK0               idataBANK0   0000
__Lidloc                    idloc        0000
__Linit                     init         0012
__Lintentry                 intentry     0004
__Lmaintext                 maintext     0000
__Lpowerup                  powerup      0000
__Lram                      ram          0000
__Lreset_vec                reset_vec    0000
__Lsfr0                     sfr0         0000
__Lsfr1                     sfr1         0000
__Lsfr2                     sfr2         0000
__Lsfr3                     sfr3         0000
__Lspace_0                  (abs)        0000
__Lspace_1                  (abs)        0000
__Lspace_2                  (abs)        0000
__Lspace_3                  (abs)        0000
__Lstack                    stack        0000
__Lstrings                  strings      0000
__Ltext                     text         0000
__S0                        (abs)        2008
__S1                        (abs)        00CB
__S2                        (abs)        0000
__S3                        (abs)        0000
__Umul8_16                  text24       0B60
__Umul8_16@multiplicand     cstackCOMMON 0070
__Umul8_16@multiplier       cstackCOMMON 0078
__Umul8_16@product          cstackCOMMON 0074
__Umul8_16@word_mpld        cstackCOMMON 0076
___awdiv                    text41       0E57
___awdiv@counter            cstackCOMMON 0075
___awdiv@dividend           cstackCOMMON 0072
___awdiv@divisor            cstackCOMMON 0070
___awdiv@quotient           cstackCOMMON 0077
___awdiv@sign               cstackCOMMON 0076
___awmod                    text40       0D9F
___awmod@counter            cstackCOMMON 0075
___awmod@dividend           cstackCOMMON 0072
___awmod@divisor            cstackCOMMON 0070
___awmod@sign               cstackCOMMON 0076
___fldiv                    text25       0397
___fldiv@a                  cstackBANK0  0026
___fldiv@aexp               cstackBANK0  003F
___fldiv@b                  cstackBANK0  002A
___fldiv@bexp               cstackBANK0  003E
___fldiv@grs                cstackBANK0  003A
___fldiv@new_exp            cstackBANK0  0038
___fldiv@rem                cstackBANK0  0033
___fldiv@sign               cstackBANK0  0037
___flmul                    text23       0036
___flmul@a                  cstackBANK0  002A
___flmul@aexp               cstackBANK0  0038
___flmul@b                  cstackBANK0  0026
___flmul@bexp               cstackBANK0  0039
___flmul@grs                cstackBANK0  0034
___flmul@prod               cstackBANK0  003A
___flmul@sign               cstackBANK0  0033
___flmul@temp               cstackBANK0  003E
___fltol                    text22       0783
___fltol@exp1               cstackBANK0  004A
___fltol@f1                 cstackBANK0  0040
___fltol@sign1              cstackBANK0  0049
___int_sp                   stack        0000
___latbits                  (abs)        0002
___lldiv                    text15       0EBE
___lldiv@counter            cstackBANK1  00AD
___lldiv@dividend           cstackBANK1  00A4
___lldiv@divisor            cstackBANK1  00A0
___lldiv@quotient           cstackBANK1  00A9
___lwdiv                    text20       0CBA
___lwdiv@counter            cstackCOMMON 0077
___lwdiv@dividend           cstackCOMMON 0072
___lwdiv@divisor            cstackCOMMON 0070
___lwdiv@quotient           cstackCOMMON 0075
___sp                       stack        0000
___stackhi                  (abs)        0000
___stacklo                  (abs)        0000
___xxtofl                   text21       0630
___xxtofl@arg               cstackBANK0  0022
___xxtofl@exp               cstackBANK0  0021
___xxtofl@sign              cstackBANK0  0020
___xxtofl@val               cstackCOMMON 0075
__end_of_ADC_Init           text3        0ADB
__end_of_ADC_Read           text26       0BAF
__end_of_EEPROM_init        text13       0A81
__end_of_EEPROM_read        text7        0C10
__end_of_EEPROM_write       text30       0AF8
__end_of_I2C1_Init          text14       0C78
__end_of_I2C1_Rd            text12       0A61
__end_of_I2C1_Start         text10       0A1A
__end_of_I2C1_Stop          text9        0A23
__end_of_I2C1_Wr            text8        0AA6
__end_of_I2C_Wait           text11       0A53
__end_of__Umul8_16          text24       0B87
__end_of___awdiv            text41       0EBE
__end_of___awmod            text40       0DF8
__end_of___fldiv            text25       0574
__end_of___flmul            text23       0397
__end_of___fltol            text22       07FF
__end_of___lldiv            text15       0F26
__end_of___lwdiv            text20       0CFE
__end_of___xxtofl           text21       06EC
__end_of__initialization    cinit        0032
__end_of_average            text19       0BDF
__end_of_display7s          text39       0E57
__end_of_isr                text16       0783
__end_of_led                text43       0C44
__end_of_main               maintext     0D4B
__end_of_ssd_blink          text37       0CBA
__end_of_ssd_init           text6        0B17
__end_of_ssd_turn_off       text42       0A39
__end_of_ssd_update         text38       1000
__end_of_start_timer        text36       09E9
__end_of_stop_timer         text35       09F0
__end_of_sw_action          text29       0F92
__end_of_switch_init        text5        09F7
__end_of_switch_scan        text28       0ABF
__end_of_temp_control_init  text4        0B60
__end_of_temp_control_off   text27       0A92
__end_of_temp_sensor_init   text2        0A2C
__end_of_temp_sensor_read   text18       0630
__end_of_temp_set           text17       0D9F
__end_of_timer2_init        text1        0B3B
__end_ofi1_I2C1_Start       text33       0A08
__end_ofi1_I2C1_Stop        text32       0A11
__end_ofi1_I2C1_Wr          text31       0A71
__end_ofi1_I2C_Wait         text34       0A46
__initialization            cinit        0015
__pbssBANK0                 bssBANK0     0056
__pbssBANK1                 bssBANK1     00B7
__pcstackBANK0              cstackBANK0  0020
__pcstackBANK1              cstackBANK1  00A0
__pcstackCOMMON             cstackCOMMON 0070
__pdataBANK0                dataBANK0    006A
__pidataBANK0               idataBANK0   09E1
__pintentry                 intentry     0004
__pmaintext                 maintext     0CFE
__ptext1                    text1        0B17
__ptext10                   text10       0A11
__ptext11                   text11       0A46
__ptext12                   text12       0A53
__ptext13                   text13       0A71
__ptext14                   text14       0C44
__ptext15                   text15       0EBE
__ptext16                   text16       06EC
__ptext17                   text17       0D4B
__ptext18                   text18       0574
__ptext19                   text19       0BAF
__ptext2                    text2        0A23
__ptext20                   text20       0CBA
__ptext21                   text21       0630
__ptext22                   text22       0783
__ptext23                   text23       0036
__ptext24                   text24       0B60
__ptext25                   text25       0397
__ptext26                   text26       0B87
__ptext27                   text27       0A81
__ptext28                   text28       0AA6
__ptext29                   text29       0F26
__ptext3                    text3        0ABF
__ptext30                   text30       0ADB
__ptext31                   text31       0A61
__ptext32                   text32       0A08
__ptext33                   text33       09FF
__ptext34                   text34       0A39
__ptext35                   text35       09E9
__ptext36                   text36       09E3
__ptext37                   text37       0C78
__ptext38                   text38       0F92
__ptext39                   text39       0DF8
__ptext4                    text4        0B3B
__ptext40                   text40       0D9F
__ptext41                   text41       0E57
__ptext42                   text42       0A2C
__ptext43                   text43       0C10
__ptext5                    text5        09F0
__ptext6                    text6        0AF8
__ptext7                    text7        0BDF
__ptext8                    text8        0A92
__ptext9                    text9        0A1A
__size_of_ADC_Init          (abs)        0000
__size_of_ADC_Read          (abs)        0000
__size_of_EEPROM_init       (abs)        0000
__size_of_EEPROM_read       (abs)        0000
__size_of_EEPROM_write      (abs)        0000
__size_of_I2C1_Init         (abs)        0000
__size_of_I2C1_Rd           (abs)        0000
__size_of_I2C1_Start        (abs)        0000
__size_of_I2C1_Stop         (abs)        0000
__size_of_I2C1_Wr           (abs)        0000
__size_of_I2C_Wait          (abs)        0000
__size_of__Umul8_16         (abs)        0000
__size_of___awdiv           (abs)        0000
__size_of___awmod           (abs)        0000
__size_of___fldiv           (abs)        0000
__size_of___flmul           (abs)        0000
__size_of___fltol           (abs)        0000
__size_of___lldiv           (abs)        0000
__size_of___lwdiv           (abs)        0000
__size_of___xxtofl          (abs)        0000
__size_of_average           (abs)        0000
__size_of_display7s         (abs)        0000
__size_of_isr               (abs)        0000
__size_of_led               (abs)        0000
__size_of_main              (abs)        0000
__size_of_ssd_blink         (abs)        0000
__size_of_ssd_init          (abs)        0000
__size_of_ssd_turn_off      (abs)        0000
__size_of_ssd_update        (abs)        0000
__size_of_start_timer       (abs)        0000
__size_of_stop_timer        (abs)        0000
__size_of_sw_action         (abs)        0000
__size_of_switch_init       (abs)        0000
__size_of_switch_scan       (abs)        0000
__size_of_temp_control_init (abs)        0000
__size_of_temp_control_off  (abs)        0000
__size_of_temp_sensor_init  (abs)        0000
__size_of_temp_sensor_read  (abs)        0000
__size_of_temp_set          (abs)        0000
__size_of_timer2_init       (abs)        0000
__size_ofi1_I2C1_Start      (abs)        0000
__size_ofi1_I2C1_Stop       (abs)        0000
__size_ofi1_I2C1_Wr         (abs)        0000
__size_ofi1_I2C_Wait        (abs)        0000
_average                    text19       0BAF
_blink                      bssBANK0     005F
_display7s                  text39       0DF8
_down_sw                    dataBANK0    006A
_hold_temp                  bssBANK0     0065
_i                          bssBANK0     005D
_isr                        text16       06EC
_led                        text43       0C10
_led_timer                  bssBANK0     0056
_main                       maintext     0CFE
_mode                       bssBANK0     0064
_ones                       bssBANK0     0061
_power_mode                 bssBANK0     0063
_set_temp                   bssBANK0     0066
_ssd_blink                  text37       0C78
_ssd_delay                  bssBANK0     0068
_ssd_init                   text6        0AF8
_ssd_select                 bssBANK0     0060
_ssd_timer                  bssBANK0     0058
_ssd_turn_off               text42       0A2C
_ssd_update                 text38       0F92
_start_timer                text36       09E3
_state                      bssBANK0     005E
_stop_timer                 text35       09E9
_sw_action                  text29       0F26
_switch_delay               bssBANK0     0067
_switch_init                text5        09F0
_switch_scan                text28       0AA6
_switch_wait                bssBANK0     005A
_temp                       bssBANK0     005C
_temp_control_init          text4        0B3B
_temp_control_off           text27       0A81
_temp_hold_array            bssBANK1     00B7
_temp_sensor_init           text2        0A23
_temp_sensor_read           text18       0574
_temp_set                   text17       0D4B
_temp_timer                 bssBANK0     0069
_tens                       bssBANK0     0062
_timer2_init                text1        0B17
_up_sw                      dataBANK0    006B
average@i                   cstackCOMMON 007D
average@sum                 cstackCOMMON 007B
btemp                       (abs)        007E
clear_ram0                  clrtext      09F7
display7s@v                 cstackCOMMON 0072
end_of_initialization       cinit        0032
i1I2C1_Wr@_data             cstackCOMMON 0070
i1_I2C1_Start               text33       09FF
i1_I2C1_Stop                text32       0A08
i1_I2C1_Wr                  text31       0A61
i1_I2C_Wait                 text34       0A39
interrupt_function          intentry     0004
intlevel0                   functab      0000
intlevel1                   functab      0000
intlevel2                   functab      0000
intlevel3                   functab      0000
intlevel4                   functab      0000
intlevel5                   functab      0000
reset_vec                   reset_vec    0000
saved_w                     (abs)        007E
ssd_blink@e_temp            cstackCOMMON 007D
ssd_update@temp             cstackCOMMON 007C
start                       init         0012
start_initialization        cinit        0015
temp_set@temp               cstackCOMMON 0073
wtemp0                      (abs)        007E


FUNCTION INFORMATION:

 *************** function _main *****************
 Defined at:
		line 124 in file "main_app.c"
 Parameters:    Size  Location     Type
		None
 Auto vars:     Size  Location     Type
		None
 Return value:  Size  Location     Type
                  1    wreg      void 
 Registers used:
		wreg, status,2, status,0, pclath, cstack
 Tracked objects:
		On entry : 
		On exit  : 
		Unchanged: 
 Data sizes:     COMMON   BANK0   BANK1   BANK3   BANK2
      Params:         0       0       0       0       0
      Locals:         0       0       0       0       0
      Temps:          0       0       1       0       0
      Totals:         0       0       1       0       0
Total ram usage:        1 bytes
 Hardware stack levels required when called:    8
 This function calls:
		_EEPROM_init
		_EEPROM_read
		_ssd_init
		_switch_init
		_temp_control_init
		_temp_sensor_init
		_timer2_init
 This function is called by:
		Startup code after reset
 This function uses a non-reentrant model


 *************** function _timer2_init *****************
 Defined at:
		line 8 in file "timer2.c"
 Parameters:    Size  Location     Type
		None
 Auto vars:     Size  Location     Type
		None
 Return value:  Size  Location     Type
                  1    wreg      void 
 Registers used:
		wreg, status,2, status,0
 Tracked objects:
		On entry : 
		On exit  : 
		Unchanged: 
 Data sizes:     COMMON   BANK0   BANK1   BANK3   BANK2
      Params:         0       0       0       0       0
      Locals:         0       0       0       0       0
      Temps:          0       0       1       0       0
      Totals:         0       0       1       0       0
Total ram usage:        1 bytes
 Hardware stack levels used:    1
 Hardware stack levels required when called:    5
 This function calls:
		Nothing
 This function is called by:
		_main
 This function uses a non-reentrant model


 *************** function _temp_sensor_init *****************
 Defined at:
		line 13 in file "temp_sensor.c"
 Parameters:    Size  Location     Type
		None
 Auto vars:     Size  Location     Type
		None
 Return value:  Size  Location     Type
                  1    wreg      void 
 Registers used:
		wreg, status,2, status,0, pclath, cstack
 Tracked objects:
		On entry : 
		On exit  : 
		Unchanged: 
 Data sizes:     COMMON   BANK0   BANK1   BANK3   BANK2
      Params:         0       0       0       0       0
      Locals:         0       0       0       0       0
      Temps:          0       0       0       0       0
      Totals:         0       0       0       0       0
Total ram usage:        0 bytes
 Hardware stack levels used:    1
 Hardware stack levels required when called:    6
 This function calls:
		_ADC_Init
 This function is called by:
		_main
 This function uses a non-reentrant model


 *************** function _ADC_Init *****************
 Defined at:
		line 8 in file "adc_drive.c"
 Parameters:    Size  Location     Type
		None
 Auto vars:     Size  Location     Type
		None
 Return value:  Size  Location     Type
                  1    wreg      void 
 Registers used:
		wreg, status,2, status,0
 Tracked objects:
		On entry : 
		On exit  : 
		Unchanged: 
 Data sizes:     COMMON   BANK0   BANK1   BANK3   BANK2
      Params:         0       0       0       0       0
      Locals:         0       0       0       0       0
      Temps:          0       0       1       0       0
      Totals:         0       0       1       0       0
Total ram usage:        1 bytes
 Hardware stack levels used:    1
 Hardware stack levels required when called:    5
 This function calls:
		Nothing
 This function is called by:
		_temp_sensor_init
 This function uses a non-reentrant model


 *************** function _temp_control_init *****************
 Defined at:
		line 13 in file "temp_control.c"
 Parameters:    Size  Location     Type
		None
 Auto vars:     Size  Location     Type
		None
 Return value:  Size  Location     Type
                  1    wreg      void 
 Registers used:
		wreg, status,2, status,0
 Tracked objects:
		On entry : 
		On exit  : 
		Unchanged: 
 Data sizes:     COMMON   BANK0   BANK1   BANK3   BANK2
      Params:         0       0       0       0       0
      Locals:         0       0       0       0       0
      Temps:          0       0       1       0       0
      Totals:         0       0       1       0       0
Total ram usage:        1 bytes
 Hardware stack levels used:    1
 Hardware stack levels required when called:    5
 This function calls:
		Nothing
 This function is called by:
		_main
 This function uses a non-reentrant model


 *************** function _switch_init *****************
 Defined at:
		line 15 in file "switchs.c"
 Parameters:    Size  Location     Type
		None
 Auto vars:     Size  Location     Type
		None
 Return value:  Size  Location     Type
                  1    wreg      void 
 Registers used:
		None
 Tracked objects:
		On entry : 
		On exit  : 
		Unchanged: 
 Data sizes:     COMMON   BANK0   BANK1   BANK3   BANK2
      Params:         0       0       0       0       0
      Locals:         0       0       0       0       0
      Temps:          0       0       0       0       0
      Totals:         0       0       0       0       0
Total ram usage:        0 bytes
 Hardware stack levels used:    1
 Hardware stack levels required when called:    5
 This function calls:
		Nothing
 This function is called by:
		_main
 This function uses a non-reentrant model


 *************** function _ssd_init *****************
 Defined at:
		line 15 in file "SSD.c"
 Parameters:    Size  Location     Type
		None
 Auto vars:     Size  Location     Type
		None
 Return value:  Size  Location     Type
                  1    wreg      void 
 Registers used:
		wreg, status,2, status,0
 Tracked objects:
		On entry : 
		On exit  : 
		Unchanged: 
 Data sizes:     COMMON   BANK0   BANK1   BANK3   BANK2
      Params:         0       0       0       0       0
      Locals:         0       0       0       0       0
      Temps:          0       0       1       0       0
      Totals:         0       0       1       0       0
Total ram usage:        1 bytes
 Hardware stack levels used:    1
 Hardware stack levels required when called:    5
 This function calls:
		Nothing
 This function is called by:
		_main
 This function uses a non-reentrant model


 *************** function _EEPROM_read *****************
 Defined at:
		line 31 in file "eeprom.c"
 Parameters:    Size  Location     Type
  address         2    1[BANK1 ] unsigned int 
 Auto vars:     Size  Location     Type
  _x              1    4[BANK1 ] unsigned char 
 Return value:  Size  Location     Type
                  1    wreg      unsigned char 
 Registers used:
		wreg, status,2, status,0, pclath, cstack
 Tracked objects:
		On entry : 
		On exit  : 
		Unchanged: 
 Data sizes:     COMMON   BANK0   BANK1   BANK3   BANK2
      Params:         0       0       2       0       0
      Locals:         0       0       1       0       0
      Temps:          0       0       1       0       0
      Totals:         0       0       4       0       0
Total ram usage:        4 bytes
 Hardware stack levels used:    1
 Hardware stack levels required when called:    7
 This function calls:
		_I2C1_Rd
		_I2C1_Start
		_I2C1_Stop
		_I2C1_Wr
 This function is called by:
		_main
 This function uses a non-reentrant model


 *************** function _I2C1_Wr *****************
 Defined at:
		line 51 in file "I2C_drive.c"
 Parameters:    Size  Location     Type
  _data           1    wreg     unsigned char 
 Auto vars:     Size  Location     Type
  _data           1    0[BANK1 ] unsigned char 
 Return value:  Size  Location     Type
                  1    wreg      void 
 Registers used:
		wreg, status,2, status,0, pclath, cstack
 Tracked objects:
		On entry : 
		On exit  : 
		Unchanged: 
 Data sizes:     COMMON   BANK0   BANK1   BANK3   BANK2
      Params:         0       0       0       0       0
      Locals:         0       0       1       0       0
      Temps:          0       0       0       0       0
      Totals:         0       0       1       0       0
Total ram usage:        1 bytes
 Hardware stack levels used:    1
 Hardware stack levels required when called:    6
 This function calls:
		_I2C_Wait
 This function is called by:
		_EEPROM_read
 This function uses a non-reentrant model


 *************** function _I2C1_Stop *****************
 Defined at:
		line 41 in file "I2C_drive.c"
 Parameters:    Size  Location     Type
		None
 Auto vars:     Size  Location     Type
		None
 Return value:  Size  Location     Type
                  1    wreg      void 
 Registers used:
		wreg, status,2, status,0, pclath, cstack
 Tracked objects:
		On entry : 
		On exit  : 
		Unchanged: 
 Data sizes:     COMMON   BANK0   BANK1   BANK3   BANK2
      Params:         0       0       0       0       0
      Locals:         0       0       0       0       0
      Temps:          0       0       0       0       0
      Totals:         0       0       0       0       0
Total ram usage:        0 bytes
 Hardware stack levels used:    1
 Hardware stack levels required when called:    6
 This function calls:
		_I2C_Wait
 This function is called by:
		_EEPROM_read
 This function uses a non-reentrant model


 *************** function _I2C1_Start *****************
 Defined at:
		line 31 in file "I2C_drive.c"
 Parameters:    Size  Location     Type
		None
 Auto vars:     Size  Location     Type
		None
 Return value:  Size  Location     Type
                  1    wreg      void 
 Registers used:
		wreg, status,2, status,0, pclath, cstack
 Tracked objects:
		On entry : 
		On exit  : 
		Unchanged: 
 Data sizes:     COMMON   BANK0   BANK1   BANK3   BANK2
      Params:         0       0       0       0       0
      Locals:         0       0       0       0       0
      Temps:          0       0       0       0       0
      Totals:         0       0       0       0       0
Total ram usage:        0 bytes
 Hardware stack levels used:    1
 Hardware stack levels required when called:    6
 This function calls:
		_I2C_Wait
 This function is called by:
		_EEPROM_read
 This function uses a non-reentrant model


 *************** function _I2C_Wait *****************
 Defined at:
		line 8 in file "I2C_drive.c"
 Parameters:    Size  Location     Type
		None
 Auto vars:     Size  Location     Type
		None
 Return value:  Size  Location     Type
                  1    wreg      void 
 Registers used:
		wreg, status,2
 Tracked objects:
		On entry : 
		On exit  : 
		Unchanged: 
 Data sizes:     COMMON   BANK0   BANK1   BANK3   BANK2
      Params:         0       0       0       0       0
      Locals:         0       0       0       0       0
      Temps:          0       0       0       0       0
      Totals:         0       0       0       0       0
Total ram usage:        0 bytes
 Hardware stack levels used:    1
 Hardware stack levels required when called:    5
 This function calls:
		Nothing
 This function is called by:
		_I2C1_Start
		_I2C1_Stop
		_I2C1_Wr
 This function uses a non-reentrant model


 *************** function _I2C1_Rd *****************
 Defined at:
		line 62 in file "I2C_drive.c"
 Parameters:    Size  Location     Type
		None
 Auto vars:     Size  Location     Type
		None
 Return value:  Size  Location     Type
                  1    wreg      unsigned char 
 Registers used:
		wreg
 Tracked objects:
		On entry : 
		On exit  : 
		Unchanged: 
 Data sizes:     COMMON   BANK0   BANK1   BANK3   BANK2
      Params:         0       0       0       0       0
      Locals:         0       0       0       0       0
      Temps:          0       0       0       0       0
      Totals:         0       0       0       0       0
Total ram usage:        0 bytes
 Hardware stack levels used:    1
 Hardware stack levels required when called:    5
 This function calls:
		Nothing
 This function is called by:
		_EEPROM_read
 This function uses a non-reentrant model


 *************** function _EEPROM_init *****************
 Defined at:
		line 8 in file "eeprom.c"
 Parameters:    Size  Location     Type
		None
 Auto vars:     Size  Location     Type
		None
 Return value:  Size  Location     Type
                  1    wreg      void 
 Registers used:
		wreg, status,2, status,0, pclath, cstack
 Tracked objects:
		On entry : 
		On exit  : 
		Unchanged: 
 Data sizes:     COMMON   BANK0   BANK1   BANK3   BANK2
      Params:         0       0       0       0       0
      Locals:         0       0       0       0       0
      Temps:          0       0       0       0       0
      Totals:         0       0       0       0       0
Total ram usage:        0 bytes
 Hardware stack levels used:    1
 Hardware stack levels required when called:    7
 This function calls:
		_I2C1_Init
 This function is called by:
		_main
 This function uses a non-reentrant model


 *************** function _I2C1_Init *****************
 Defined at:
		line 17 in file "I2C_drive.c"
 Parameters:    Size  Location     Type
  freq            4   14[BANK1 ] unsigned long 
 Auto vars:     Size  Location     Type
		None
 Return value:  Size  Location     Type
                  1    wreg      void 
 Registers used:
		wreg, status,2, status,0, pclath, cstack
 Tracked objects:
		On entry : 
		On exit  : 
		Unchanged: 
 Data sizes:     COMMON   BANK0   BANK1   BANK3   BANK2
      Params:         0       0       4       0       0
      Locals:         0       0       0       0       0
      Temps:          0       0       4       0       0
      Totals:         0       0       8       0       0
Total ram usage:        8 bytes
 Hardware stack levels used:    1
 Hardware stack levels required when called:    6
 This function calls:
		___lldiv
 This function is called by:
		_EEPROM_init
 This function uses a non-reentrant model


 *************** function ___lldiv *****************
 Defined at:
		line 5 in file "C:\Program Files (x86)\Microchip\xc8\v2.10\pic\sources\c90\common\__lldiv.c"
 Parameters:    Size  Location     Type
  divisor         4    0[BANK1 ] unsigned long 
  dividend        4    4[BANK1 ] unsigned long 
 Auto vars:     Size  Location     Type
  quotient        4    9[BANK1 ] unsigned long 
  counter         1   13[BANK1 ] unsigned char 
 Return value:  Size  Location     Type
                  4    0[BANK1 ] unsigned long 
 Registers used:
		wreg, status,2, status,0
 Tracked objects:
		On entry : 
		On exit  : 
		Unchanged: 
 Data sizes:     COMMON   BANK0   BANK1   BANK3   BANK2
      Params:         0       0       8       0       0
      Locals:         0       0       5       0       0
      Temps:          0       0       1       0       0
      Totals:         0       0      14       0       0
Total ram usage:       14 bytes
 Hardware stack levels used:    1
 Hardware stack levels required when called:    5
 This function calls:
		Nothing
 This function is called by:
		_I2C1_Init
 This function uses a non-reentrant model


 *************** function _isr *****************
 Defined at:
		line 75 in file "main_app.c"
 Parameters:    Size  Location     Type
		None
 Auto vars:     Size  Location     Type
		None
 Return value:  Size  Location     Type
                  1    wreg      void 
 Registers used:
		wreg, fsr0l, fsr0h, status,2, status,0, btemp+1, pclath, cstack
 Tracked objects:
		On entry : 
		On exit  : 
		Unchanged: 
 Data sizes:     COMMON   BANK0   BANK1   BANK3   BANK2
      Params:         0       0       0       0       0
      Locals:         0       0       0       0       0
      Temps:          0       6       0       0       0
      Totals:         0       6       0       0       0
Total ram usage:        6 bytes
 Hardware stack levels used:    1
 Hardware stack levels required when called:    4
 This function calls:
		_led
		_ssd_blink
		_ssd_turn_off
		_ssd_update
		_start_timer
		_stop_timer
		_sw_action
		_switch_scan
		_temp_control_off
		_temp_sensor_read
		_temp_set
 This function is called by:
		Interrupt level 1
 This function uses a non-reentrant model


 *************** function _temp_set *****************
 Defined at:
		line 32 in file "temp_control.c"
 Parameters:    Size  Location     Type
  temp            1    wreg     unsigned char 
 Auto vars:     Size  Location     Type
  temp            1    3[COMMON] unsigned char 
 Return value:  Size  Location     Type
                  1    wreg      void 
 Registers used:
		wreg, status,2, status,0
 Tracked objects:
		On entry : 
		On exit  : 
		Unchanged: 
 Data sizes:     COMMON   BANK0   BANK1   BANK3   BANK2
      Params:         0       0       0       0       0
      Locals:         1       0       0       0       0
      Temps:          3       0       0       0       0
      Totals:         4       0       0       0       0
Total ram usage:        4 bytes
 Hardware stack levels used:    1
 This function calls:
		Nothing
 This function is called by:
		_isr
 This function uses a non-reentrant model


 *************** function _temp_sensor_read *****************
 Defined at:
		line 37 in file "temp_sensor.c"
 Parameters:    Size  Location     Type
		None
 Auto vars:     Size  Location     Type
		None
 Return value:  Size  Location     Type
                  1    wreg      unsigned char 
 Registers used:
		wreg, fsr0l, fsr0h, status,2, status,0, btemp+1, pclath, cstack
 Tracked objects:
		On entry : 
		On exit  : 
		Unchanged: 
 Data sizes:     COMMON   BANK0   BANK1   BANK3   BANK2
      Params:         0       0       0       0       0
      Locals:         0       0       0       0       0
      Temps:          0       5       0       0       0
      Totals:         0       5       0       0       0
Total ram usage:        5 bytes
 Hardware stack levels used:    1
 Hardware stack levels required when called:    2
 This function calls:
		_ADC_Read
		___fldiv
		___flmul
		___fltol
		___xxtofl
		_average
 This function is called by:
		_isr
 This function uses a non-reentrant model


 *************** function _average *****************
 Defined at:
		line 23 in file "temp_sensor.c"
 Parameters:    Size  Location     Type
		None
 Auto vars:     Size  Location     Type
  sum             2   11[COMMON] unsigned int 
  i               1   13[COMMON] unsigned char 
 Return value:  Size  Location     Type
                  1    wreg      unsigned char 
 Registers used:
		wreg, fsr0l, fsr0h, status,2, status,0, pclath, cstack
 Tracked objects:
		On entry : 
		On exit  : 
		Unchanged: 
 Data sizes:     COMMON   BANK0   BANK1   BANK3   BANK2
      Params:         0       0       0       0       0
      Locals:         3       0       0       0       0
      Temps:          3       0       0       0       0
      Totals:         6       0       0       0       0
Total ram usage:        6 bytes
 Hardware stack levels used:    1
 Hardware stack levels required when called:    1
 This function calls:
		___lwdiv
 This function is called by:
		_temp_sensor_read
 This function uses a non-reentrant model


 *************** function ___lwdiv *****************
 Defined at:
		line 5 in file "C:\Program Files (x86)\Microchip\xc8\v2.10\pic\sources\c90\common\lwdiv.c"
 Parameters:    Size  Location     Type
  divisor         2    0[COMMON] unsigned int 
  dividend        2    2[COMMON] unsigned int 
 Auto vars:     Size  Location     Type
  quotient        2    5[COMMON] unsigned int 
  counter         1    7[COMMON] unsigned char 
 Return value:  Size  Location     Type
                  2    0[COMMON] unsigned int 
 Registers used:
		wreg, status,2, status,0
 Tracked objects:
		On entry : 
		On exit  : 
		Unchanged: 
 Data sizes:     COMMON   BANK0   BANK1   BANK3   BANK2
      Params:         4       0       0       0       0
      Locals:         3       0       0       0       0
      Temps:          1       0       0       0       0
      Totals:         8       0       0       0       0
Total ram usage:        8 bytes
 Hardware stack levels used:    1
 This function calls:
		Nothing
 This function is called by:
		_average
 This function uses a non-reentrant model


 *************** function ___xxtofl *****************
 Defined at:
		line 10 in file "C:\Program Files (x86)\Microchip\xc8\v2.10\pic\sources\c90\common\xxtofl.c"
 Parameters:    Size  Location     Type
  sign            1    wreg     unsigned char 
  val             4    5[COMMON] long 
 Auto vars:     Size  Location     Type
  sign            1    0[BANK0 ] unsigned char 
  arg             4    2[BANK0 ] unsigned long 
  exp             1    1[BANK0 ] unsigned char 
 Return value:  Size  Location     Type
                  4    5[COMMON] unsigned char 
 Registers used:
		wreg, status,2, status,0
 Tracked objects:
		On entry : 
		On exit  : 
		Unchanged: 
 Data sizes:     COMMON   BANK0   BANK1   BANK3   BANK2
      Params:         4       0       0       0       0
      Locals:         0       6       0       0       0
      Temps:          4       0       0       0       0
      Totals:         8       6       0       0       0
Total ram usage:       14 bytes
 Hardware stack levels used:    1
 This function calls:
		Nothing
 This function is called by:
		_temp_sensor_read
 This function uses a non-reentrant model


 *************** function ___fltol *****************
 Defined at:
		line 43 in file "C:\Program Files (x86)\Microchip\xc8\v2.10\pic\sources\c90\common\fltol.c"
 Parameters:    Size  Location     Type
  f1              4   32[BANK0 ] unsigned char 
 Auto vars:     Size  Location     Type
  exp1            1   42[BANK0 ] unsigned char 
  sign1           1   41[BANK0 ] unsigned char 
 Return value:  Size  Location     Type
                  4   32[BANK0 ] long 
 Registers used:
		wreg, status,2, status,0
 Tracked objects:
		On entry : 
		On exit  : 
		Unchanged: 
 Data sizes:     COMMON   BANK0   BANK1   BANK3   BANK2
      Params:         0       4       0       0       0
      Locals:         0       2       0       0       0
      Temps:          0       5       0       0       0
      Totals:         0      11       0       0       0
Total ram usage:       11 bytes
 Hardware stack levels used:    1
 This function calls:
		Nothing
 This function is called by:
		_temp_sensor_read
 This function uses a non-reentrant model


 *************** function ___flmul *****************
 Defined at:
		line 8 in file "C:\Program Files (x86)\Microchip\xc8\v2.10\pic\sources\c90\common\sprcmul.c"
 Parameters:    Size  Location     Type
  b               4    6[BANK0 ] long 
  a               4   10[BANK0 ] long 
 Auto vars:     Size  Location     Type
  prod            4   26[BANK0 ] struct .
  grs             4   20[BANK0 ] unsigned long 
  temp            2   30[BANK0 ] struct .
  bexp            1   25[BANK0 ] unsigned char 
  aexp            1   24[BANK0 ] unsigned char 
  sign            1   19[BANK0 ] unsigned char 
 Return value:  Size  Location     Type
                  4    6[BANK0 ] unsigned char 
 Registers used:
		wreg, status,2, status,0, btemp+1, pclath, cstack
 Tracked objects:
		On entry : 
		On exit  : 
		Unchanged: 
 Data sizes:     COMMON   BANK0   BANK1   BANK3   BANK2
      Params:         0       8       0       0       0
      Locals:         0      13       0       0       0
      Temps:          0       5       0       0       0
      Totals:         0      26       0       0       0
Total ram usage:       26 bytes
 Hardware stack levels used:    1
 Hardware stack levels required when called:    1
 This function calls:
		__Umul8_16
 This function is called by:
		_temp_sensor_read
 This function uses a non-reentrant model


 *************** function __Umul8_16 *****************
 Defined at:
		line 4 in file "C:\Program Files (x86)\Microchip\xc8\v2.10\pic\sources\c90\common\Umul8_16.c"
 Parameters:    Size  Location     Type
  multiplier      1    wreg     unsigned char 
  multiplicand    1    0[COMMON] unsigned char 
 Auto vars:     Size  Location     Type
  multiplier      1    8[COMMON] unsigned char 
  word_mpld       2    6[COMMON] unsigned int 
  product         2    4[COMMON] unsigned int 
 Return value:  Size  Location     Type
                  2    0[COMMON] unsigned int 
 Registers used:
		wreg, status,2, status,0
 Tracked objects:
		On entry : 
		On exit  : 
		Unchanged: 
 Data sizes:     COMMON   BANK0   BANK1   BANK3   BANK2
      Params:         2       0       0       0       0
      Locals:         5       0       0       0       0
      Temps:          2       0       0       0       0
      Totals:         9       0       0       0       0
Total ram usage:        9 bytes
 Hardware stack levels used:    1
 This function calls:
		Nothing
 This function is called by:
		___flmul
 This function uses a non-reentrant model


 *************** function ___fldiv *****************
 Defined at:
		line 8 in file "C:\Program Files (x86)\Microchip\xc8\v2.10\pic\sources\c90\common\sprcdiv.c"
 Parameters:    Size  Location     Type
  a               4    6[BANK0 ] unsigned int 
  b               4   10[BANK0 ] unsigned int 
 Auto vars:     Size  Location     Type
  grs             4   26[BANK0 ] unsigned long 
  rem             4   19[BANK0 ] unsigned long 
  new_exp         2   24[BANK0 ] int 
  aexp            1   31[BANK0 ] unsigned char 
  bexp            1   30[BANK0 ] unsigned char 
  sign            1   23[BANK0 ] unsigned char 
 Return value:  Size  Location     Type
                  4    6[BANK0 ] unsigned char 
 Registers used:
		wreg, status,2, status,0, btemp+1
 Tracked objects:
		On entry : 
		On exit  : 
		Unchanged: 
 Data sizes:     COMMON   BANK0   BANK1   BANK3   BANK2
      Params:         0       8       0       0       0
      Locals:         0      13       0       0       0
      Temps:          0       5       0       0       0
      Totals:         0      26       0       0       0
Total ram usage:       26 bytes
 Hardware stack levels used:    1
 This function calls:
		Nothing
 This function is called by:
		_temp_sensor_read
 This function uses a non-reentrant model


 *************** function _ADC_Read *****************
 Defined at:
		line 29 in file "adc_drive.c"
 Parameters:    Size  Location     Type
  channel         1    wreg     unsigned char 
 Auto vars:     Size  Location     Type
  channel         1    4[COMMON] unsigned char 
 Return value:  Size  Location     Type
                  2    0[COMMON] unsigned int 
 Registers used:
		wreg, status,2, status,0
 Tracked objects:
		On entry : 
		On exit  : 
		Unchanged: 
 Data sizes:     COMMON   BANK0   BANK1   BANK3   BANK2
      Params:         2       0       0       0       0
      Locals:         1       0       0       0       0
      Temps:          2       0       0       0       0
      Totals:         5       0       0       0       0
Total ram usage:        5 bytes
 Hardware stack levels used:    1
 This function calls:
		Nothing
 This function is called by:
		_temp_sensor_read
 This function uses a non-reentrant model


 *************** function _temp_control_off *****************
 Defined at:
		line 87 in file "temp_control.c"
 Parameters:    Size  Location     Type
		None
 Auto vars:     Size  Location     Type
		None
 Return value:  Size  Location     Type
                  1    wreg      void 
 Registers used:
		wreg, status,2, status,0
 Tracked objects:
		On entry : 
		On exit  : 
		Unchanged: 
 Data sizes:     COMMON   BANK0   BANK1   BANK3   BANK2
      Params:         0       0       0       0       0
      Locals:         0       0       0       0       0
      Temps:          1       0       0       0       0
      Totals:         1       0       0       0       0
Total ram usage:        1 bytes
 Hardware stack levels used:    1
 This function calls:
		Nothing
 This function is called by:
		_isr
 This function uses a non-reentrant model


 *************** function _switch_scan *****************
 Defined at:
		line 28 in file "switchs.c"
 Parameters:    Size  Location     Type
		None
 Auto vars:     Size  Location     Type
		None
 Return value:  Size  Location     Type
                  1    wreg      void 
 Registers used:
		wreg, status,2, status,0
 Tracked objects:
		On entry : 
		On exit  : 
		Unchanged: 
 Data sizes:     COMMON   BANK0   BANK1   BANK3   BANK2
      Params:         0       0       0       0       0
      Locals:         0       0       0       0       0
      Temps:          1       0       0       0       0
      Totals:         1       0       0       0       0
Total ram usage:        1 bytes
 Hardware stack levels used:    1
 This function calls:
		Nothing
 This function is called by:
		_isr
 This function uses a non-reentrant model


 *************** function _sw_action *****************
 Defined at:
		line 50 in file "switchs.c"
 Parameters:    Size  Location     Type
		None
 Auto vars:     Size  Location     Type
		None
 Return value:  Size  Location     Type
                  1    wreg      void 
 Registers used:
		wreg, fsr0l, fsr0h, status,2, status,0, pclath, cstack
 Tracked objects:
		On entry : 
		On exit  : 
		Unchanged: 
 Data sizes:     COMMON   BANK0   BANK1   BANK3   BANK2
      Params:         0       0       0       0       0
      Locals:         0       0       0       0       0
      Temps:          2       0       0       0       0
      Totals:         2       0       0       0       0
Total ram usage:        2 bytes
 Hardware stack levels used:    1
 Hardware stack levels required when called:    3
 This function calls:
		_EEPROM_write
 This function is called by:
		_isr
 This function uses a non-reentrant model


 *************** function _EEPROM_write *****************
 Defined at:
		line 18 in file "eeprom.c"
 Parameters:    Size  Location     Type
  address         2    1[COMMON] unsigned int 
  _x              1    3[COMMON] unsigned char 
 Auto vars:     Size  Location     Type
		None
 Return value:  Size  Location     Type
                  1    wreg      void 
 Registers used:
		wreg, status,2, status,0, pclath, cstack
 Tracked objects:
		On entry : 
		On exit  : 
		Unchanged: 
 Data sizes:     COMMON   BANK0   BANK1   BANK3   BANK2
      Params:         3       0       0       0       0
      Locals:         0       0       0       0       0
      Temps:          0       0       0       0       0
      Totals:         3       0       0       0       0
Total ram usage:        3 bytes
 Hardware stack levels used:    1
 Hardware stack levels required when called:    2
 This function calls:
		i1_I2C1_Start
		i1_I2C1_Stop
		i1_I2C1_Wr
 This function is called by:
		_sw_action
 This function uses a non-reentrant model


 *************** function i1_I2C1_Wr *****************
 Defined at:
		line 51 in file "I2C_drive.c"
 Parameters:    Size  Location     Type
  _data           1    wreg     unsigned char 
 Auto vars:     Size  Location     Type
  _data           1    0[COMMON] unsigned char 
 Return value:  Size  Location     Type
                  1    wreg      void 
 Registers used:
		wreg, status,2, status,0, pclath, cstack
 Tracked objects:
		On entry : 
		On exit  : 
		Unchanged: 
 Data sizes:     COMMON   BANK0   BANK1   BANK3   BANK2
      Params:         0       0       0       0       0
      Locals:         1       0       0       0       0
      Temps:          0       0       0       0       0
      Totals:         1       0       0       0       0
Total ram usage:        1 bytes
 Hardware stack levels used:    1
 Hardware stack levels required when called:    1
 This function calls:
		i1_I2C_Wait
 This function is called by:
		_EEPROM_write
 This function uses a non-reentrant model


 *************** function i1_I2C1_Stop *****************
 Defined at:
		line 41 in file "I2C_drive.c"
 Parameters:    Size  Location     Type
		None
 Auto vars:     Size  Location     Type
		None
 Return value:  Size  Location     Type
                  1    wreg      void 
 Registers used:
		wreg, status,2, status,0, pclath, cstack
 Tracked objects:
		On entry : 
		On exit  : 
		Unchanged: 
 Data sizes:     COMMON   BANK0   BANK1   BANK3   BANK2
      Params:         0       0       0       0       0
      Locals:         0       0       0       0       0
      Temps:          0       0       0       0       0
      Totals:         0       0       0       0       0
Total ram usage:        0 bytes
 Hardware stack levels used:    1
 Hardware stack levels required when called:    1
 This function calls:
		i1_I2C_Wait
 This function is called by:
		_EEPROM_write
 This function uses a non-reentrant model


 *************** function i1_I2C1_Start *****************
 Defined at:
		line 31 in file "I2C_drive.c"
 Parameters:    Size  Location     Type
		None
 Auto vars:     Size  Location     Type
		None
 Return value:  Size  Location     Type
                  1    wreg      void 
 Registers used:
		wreg, status,2, status,0, pclath, cstack
 Tracked objects:
		On entry : 
		On exit  : 
		Unchanged: 
 Data sizes:     COMMON   BANK0   BANK1   BANK3   BANK2
      Params:         0       0       0       0       0
      Locals:         0       0       0       0       0
      Temps:          0       0       0       0       0
      Totals:         0       0       0       0       0
Total ram usage:        0 bytes
 Hardware stack levels used:    1
 Hardware stack levels required when called:    1
 This function calls:
		i1_I2C_Wait
 This function is called by:
		_EEPROM_write
 This function uses a non-reentrant model


 *************** function i1_I2C_Wait *****************
 Defined at:
		line 8 in file "I2C_drive.c"
 Parameters:    Size  Location     Type
		None
 Auto vars:     Size  Location     Type
		None
 Return value:  Size  Location     Type
                  1    wreg      void 
 Registers used:
		wreg, status,2
 Tracked objects:
		On entry : 
		On exit  : 
		Unchanged: 
 Data sizes:     COMMON   BANK0   BANK1   BANK3   BANK2
      Params:         0       0       0       0       0
      Locals:         0       0       0       0       0
      Temps:          0       0       0       0       0
      Totals:         0       0       0       0       0
Total ram usage:        0 bytes
 Hardware stack levels used:    1
 This function calls:
		Nothing
 This function is called by:
		i1_I2C1_Start
		i1_I2C1_Stop
		i1_I2C1_Wr
 This function uses a non-reentrant model


 *************** function _stop_timer *****************
 Defined at:
		line 25 in file "timer2.c"
 Parameters:    Size  Location     Type
		None
 Auto vars:     Size  Location     Type
		None
 Return value:  Size  Location     Type
                  1    wreg      void 
 Registers used:
		wreg, status,2, status,0
 Tracked objects:
		On entry : 
		On exit  : 
		Unchanged: 
 Data sizes:     COMMON   BANK0   BANK1   BANK3   BANK2
      Params:         0       0       0       0       0
      Locals:         0       0       0       0       0
      Temps:          1       0       0       0       0
      Totals:         1       0       0       0       0
Total ram usage:        1 bytes
 Hardware stack levels used:    1
 This function calls:
		Nothing
 This function is called by:
		_isr
 This function uses a non-reentrant model


 *************** function _start_timer *****************
 Defined at:
		line 34 in file "timer2.c"
 Parameters:    Size  Location     Type
		None
 Auto vars:     Size  Location     Type
		None
 Return value:  Size  Location     Type
                  1    wreg      void 
 Registers used:
		wreg
 Tracked objects:
		On entry : 
		On exit  : 
		Unchanged: 
 Data sizes:     COMMON   BANK0   BANK1   BANK3   BANK2
      Params:         0       0       0       0       0
      Locals:         0       0       0       0       0
      Temps:          0       0       0       0       0
      Totals:         0       0       0       0       0
Total ram usage:        0 bytes
 Hardware stack levels used:    1
 This function calls:
		Nothing
 This function is called by:
		_isr
 This function uses a non-reentrant model


 *************** function _ssd_blink *****************
 Defined at:
		line 140 in file "SSD.c"
 Parameters:    Size  Location     Type
  e_temp          1    wreg     unsigned char 
 Auto vars:     Size  Location     Type
  e_temp          1   13[COMMON] unsigned char 
 Return value:  Size  Location     Type
                  1    wreg      void 
 Registers used:
		wreg, fsr0l, fsr0h, status,2, status,0, pclath, cstack
 Tracked objects:
		On entry : 
		On exit  : 
		Unchanged: 
 Data sizes:     COMMON   BANK0   BANK1   BANK3   BANK2
      Params:         0       0       0       0       0
      Locals:         1       0       0       0       0
      Temps:          0       2       0       0       0
      Totals:         1       2       0       0       0
Total ram usage:        3 bytes
 Hardware stack levels used:    1
 Hardware stack levels required when called:    2
 This function calls:
		_ssd_turn_off
		_ssd_update
 This function is called by:
		_isr
 This function uses a non-reentrant model


 *************** function _ssd_update *****************
 Defined at:
		line 95 in file "SSD.c"
 Parameters:    Size  Location     Type
  temp            1    wreg     unsigned char 
 Auto vars:     Size  Location     Type
  temp            1   12[COMMON] unsigned char 
 Return value:  Size  Location     Type
                  1    wreg      void 
 Registers used:
		wreg, fsr0l, fsr0h, status,2, status,0, pclath, cstack
 Tracked objects:
		On entry : 
		On exit  : 
		Unchanged: 
 Data sizes:     COMMON   BANK0   BANK1   BANK3   BANK2
      Params:         0       0       0       0       0
      Locals:         1       0       0       0       0
      Temps:          3       0       0       0       0
      Totals:         4       0       0       0       0
Total ram usage:        4 bytes
 Hardware stack levels used:    1
 Hardware stack levels required when called:    1
 This function calls:
		___awdiv
		___awmod
		_display7s
 This function is called by:
		_isr
		_ssd_blink
 This function uses a non-reentrant model


 *************** function _display7s *****************
 Defined at:
		line 31 in file "SSD.c"
 Parameters:    Size  Location     Type
  v               1    wreg     unsigned char 
 Auto vars:     Size  Location     Type
  v               1    2[COMMON] unsigned char 
 Return value:  Size  Location     Type
                  1    wreg      unsigned char 
 Registers used:
		wreg, fsr0l, fsr0h, status,2, status,0
 Tracked objects:
		On entry : 
		On exit  : 
		Unchanged: 
 Data sizes:     COMMON   BANK0   BANK1   BANK3   BANK2
      Params:         0       0       0       0       0
      Locals:         1       0       0       0       0
      Temps:          2       0       0       0       0
      Totals:         3       0       0       0       0
Total ram usage:        3 bytes
 Hardware stack levels used:    1
 This function calls:
		Nothing
 This function is called by:
		_ssd_update
 This function uses a non-reentrant model


 *************** function ___awmod *****************
 Defined at:
		line 5 in file "C:\Program Files (x86)\Microchip\xc8\v2.10\pic\sources\c90\common\awmod.c"
 Parameters:    Size  Location     Type
  divisor         2    0[COMMON] int 
  dividend        2    2[COMMON] int 
 Auto vars:     Size  Location     Type
  sign            1    6[COMMON] unsigned char 
  counter         1    5[COMMON] unsigned char 
 Return value:  Size  Location     Type
                  2    0[COMMON] int 
 Registers used:
		wreg, status,2, status,0
 Tracked objects:
		On entry : 
		On exit  : 
		Unchanged: 
 Data sizes:     COMMON   BANK0   BANK1   BANK3   BANK2
      Params:         4       0       0       0       0
      Locals:         2       0       0       0       0
      Temps:          1       0       0       0       0
      Totals:         7       0       0       0       0
Total ram usage:        7 bytes
 Hardware stack levels used:    1
 This function calls:
		Nothing
 This function is called by:
		_ssd_update
 This function uses a non-reentrant model


 *************** function ___awdiv *****************
 Defined at:
		line 5 in file "C:\Program Files (x86)\Microchip\xc8\v2.10\pic\sources\c90\common\awdiv.c"
 Parameters:    Size  Location     Type
  divisor         2    0[COMMON] int 
  dividend        2    2[COMMON] int 
 Auto vars:     Size  Location     Type
  quotient        2    7[COMMON] int 
  sign            1    6[COMMON] unsigned char 
  counter         1    5[COMMON] unsigned char 
 Return value:  Size  Location     Type
                  2    0[COMMON] int 
 Registers used:
		wreg, status,2, status,0
 Tracked objects:
		On entry : 
		On exit  : 
		Unchanged: 
 Data sizes:     COMMON   BANK0   BANK1   BANK3   BANK2
      Params:         4       0       0       0       0
      Locals:         4       0       0       0       0
      Temps:          1       0       0       0       0
      Totals:         9       0       0       0       0
Total ram usage:        9 bytes
 Hardware stack levels used:    1
 This function calls:
		Nothing
 This function is called by:
		_ssd_update
 This function uses a non-reentrant model


 *************** function _ssd_turn_off *****************
 Defined at:
		line 128 in file "SSD.c"
 Parameters:    Size  Location     Type
		None
 Auto vars:     Size  Location     Type
		None
 Return value:  Size  Location     Type
                  1    wreg      void 
 Registers used:
		wreg, status,2, status,0
 Tracked objects:
		On entry : 
		On exit  : 
		Unchanged: 
 Data sizes:     COMMON   BANK0   BANK1   BANK3   BANK2
      Params:         0       0       0       0       0
      Locals:         0       0       0       0       0
      Temps:          1       0       0       0       0
      Totals:         1       0       0       0       0
Total ram usage:        1 bytes
 Hardware stack levels used:    1
 This function calls:
		Nothing
 This function is called by:
		_isr
		_ssd_blink
 This function uses a non-reentrant model


 *************** function _led *****************
 Defined at:
		line 58 in file "temp_control.c"
 Parameters:    Size  Location     Type
		None
 Auto vars:     Size  Location     Type
		None
 Return value:  Size  Location     Type
                  1    wreg      void 
 Registers used:
		wreg, fsr0l, fsr0h, status,2, status,0
 Tracked objects:
		On entry : 
		On exit  : 
		Unchanged: 
 Data sizes:     COMMON   BANK0   BANK1   BANK3   BANK2
      Params:         0       0       0       0       0
      Locals:         0       0       0       0       0
      Temps:          2       0       0       0       0
      Totals:         2       0       0       0       0
Total ram usage:        2 bytes
 Hardware stack levels used:    1
 This function calls:
		Nothing
 This function is called by:
		_isr
 This function uses a non-reentrant model



MODULE INFORMATION

Module		Function		Class		Link	Load	Size
adc_drive.c
		_ADC_Read      		CODE           	0B87	0000	41
		_ADC_Init      		CODE           	0ABF	0000	29

adc_drive.c estimated size: 70

C:\Program Files (x86)\Microchip\xc8\v2.10\pic\sources\c90\common\lwdiv.c
		___lwdiv       		CODE           	0CBA	0000	69

C:\Program Files (x86)\Microchip\xc8\v2.10\pic\sources\c90\common\lwdiv.c estimated size: 69

C:\Program Files (x86)\Microchip\xc8\v2.10\pic\sources\c90\common\awdiv.c
		___awdiv       		CODE           	0E57	0000	104

C:\Program Files (x86)\Microchip\xc8\v2.10\pic\sources\c90\common\awdiv.c estimated size: 104

C:\Program Files (x86)\Microchip\xc8\v2.10\pic\sources\c90\common\fltol.c
		___fltol       		CODE           	0783	0000	125

C:\Program Files (x86)\Microchip\xc8\v2.10\pic\sources\c90\common\fltol.c estimated size: 125

SSD.c
		_display7s     		CODE           	0DF8	0000	96
		_ssd_init      		CODE           	0AF8	0000	32
		_ssd_blink     		CODE           	0C78	0000	67
		_ssd_update    		CODE           	0F92	0000	111
		_ssd_turn_off  		CODE           	0A2C	0000	14

SSD.c estimated size: 320

main_app.c
		_main          		CODE           	0CFE	0000	78
		_isr           		CODE           	06EC	0000	152

main_app.c estimated size: 230

temp_control.c
		_temp_set      		CODE           	0D4B	0000	85
		_temp_control_off		CODE           	0A81	0000	18
		_led           		CODE           	0C10	0000	53
		_temp_control_init		CODE           	0B3B	0000	38

temp_control.c estimated size: 194

timer2.c
		_timer2_init   		CODE           	0B17	0000	37
		_start_timer   		CODE           	09E3	0000	7
		_stop_timer    		CODE           	09E9	0000	8

timer2.c estimated size: 52

C:\Program Files (x86)\Microchip\xc8\v2.10\pic\sources\c90\common\sprcmul.c
		___flmul       		CODE           	0036	0000	866

C:\Program Files (x86)\Microchip\xc8\v2.10\pic\sources\c90\common\sprcmul.c estimated size: 866

C:\Program Files (x86)\Microchip\xc8\v2.10\pic\sources\c90\common\Umul8_16.c
		__Umul8_16     		CODE           	0B60	0000	40

C:\Program Files (x86)\Microchip\xc8\v2.10\pic\sources\c90\common\Umul8_16.c estimated size: 40

C:\Program Files (x86)\Microchip\xc8\v2.10\pic\sources\c90\common\__lldiv.c
		___lldiv       		CODE           	0EBE	0000	105

C:\Program Files (x86)\Microchip\xc8\v2.10\pic\sources\c90\common\__lldiv.c estimated size: 105

eeprom.c
		_EEPROM_read   		CODE           	0BDF	0000	50
		_EEPROM_init   		CODE           	0A71	0000	17
		_EEPROM_write  		CODE           	0ADB	0000	30

eeprom.c estimated size: 97

C:\Program Files (x86)\Microchip\xc8\v2.10\pic\sources\c90\common\sprcdiv.c
		___fldiv       		CODE           	0397	0000	478

C:\Program Files (x86)\Microchip\xc8\v2.10\pic\sources\c90\common\sprcdiv.c estimated size: 478

C:\Program Files (x86)\Microchip\xc8\v2.10\pic\sources\c90\common\xxtofl.c
		___xxtofl      		CODE           	0630	0000	189

C:\Program Files (x86)\Microchip\xc8\v2.10\pic\sources\c90\common\xxtofl.c estimated size: 189

switchs.c
		_sw_action     		CODE           	0F26	0000	109
		_switch_scan   		CODE           	0AA6	0000	26
		_switch_init   		CODE           	09F0	0000	8

switchs.c estimated size: 143

shared
		i1_I2C_Wait    		CODE           	0A39	0000	14
		__initialization		CODE           	0015	0000	30
		i1_I2C1_Wr     		CODE           	0A61	0000	17
		i1_I2C1_Stop   		CODE           	0A08	0000	10
		i1_I2C1_Start  		CODE           	09FF	0000	10

shared estimated size: 81

C:\Program Files (x86)\Microchip\xc8\v2.10\pic\sources\c90\common\awmod.c
		___awmod       		CODE           	0D9F	0000	90

C:\Program Files (x86)\Microchip\xc8\v2.10\pic\sources\c90\common\awmod.c estimated size: 90

I2C_drive.c
		_I2C1_Init     		CODE           	0C44	0000	53
		_I2C1_Rd       		CODE           	0A53	0000	15
		_I2C_Wait      		CODE           	0A46	0000	14
		_I2C1_Wr       		CODE           	0A92	0000	21
		_I2C1_Stop     		CODE           	0A1A	0000	10
		_I2C1_Start    		CODE           	0A11	0000	10

I2C_drive.c estimated size: 123

temp_sensor.c
		_temp_sensor_read		CODE           	0574	0000	189
		_temp_sensor_init		CODE           	0A23	0000	10
		_average       		CODE           	0BAF	0000	49

temp_sensor.c estimated size: 248

