Microchip MPLAB XC8 Compiler V2.10 ()

Linker command line:

-W-3 --edf=C:\Program Files (x86)\Microchip\xc8\v2.10\pic\dat\en_msgs.txt \
  -cs -h+dist/default/production\Electric_water.production.sym \
  --cmf=dist/default/production\Electric_water.production.cmf -z -Q16F877A \
  -oC:\Users\Rabso\AppData\Local\Temp\sah4.2 --defsym=__MPLAB_BUILD=1 \
  -Mdist/default/production/Electric_water.production.map -E1 -ver=XC8 \
  --acfsm=1493 -ASTACK=0110h-016Fh -pstack=STACK -ACODE=00h-07FFhx4 \
  -ASTRCODE=00h-01FFFh -ASTRING=00h-0FFhx32 -ACONST=00h-0FFhx32 \
  -AENTRY=00h-0FFhx32 -ACOMMON=070h-07Fh -ABANK0=020h-06Fh \
  -ABANK1=0A0h-0EFh -ABANK2=0110h-016Fh -ABANK3=0190h-01EFh \
  -ARAM=020h-06Fh,0A0h-0EFh,0110h-016Fh,0190h-01EFh \
  -AABS1=020h-07Fh,0A0h-0EFh,0110h-016Fh,0190h-01EFh -ASFR0=00h-01Fh \
  -ASFR1=080h-09Fh -ASFR2=0100h-010Fh -ASFR3=0180h-018Fh \
  -preset_vec=00h,intentry=04h,init,end_init -ppowerup=CODE -pcinit=CODE \
  -pfunctab=ENTRY -ACONFIG=02007h-02007h -pconfig=CONFIG -DCONFIG=2 \
  -AIDLOC=02000h-02003h -pidloc=IDLOC -DIDLOC=2 -AEEDATA=00h-0FFh/02100h \
  -peeprom_data=EEDATA -DEEDATA=2 -DCODE=2 -DSTRCODE=2 -DSTRING=2 -DCONST=2 \
  -DENTRY=2 -k C:\Users\Rabso\AppData\Local\Temp\sah4.o \
  dist/default/production\Electric_water.production.o 

Object code version is 3.11

Machine type is 16F877A



                Name                               Link     Load   Length Selector   Space Scale
C:\Users\Rabso\AppData\Local\Temp\sah4.o
                end_init                             12       12        3        8       0
                reset_vec                             0        0        3        0       0
                config                             2007     2007        1     400E       0
dist/default/production\Electric_water.production.o
                cinit                                15       15       27        8       0
                intentry                              4        4        E        8       0
                text47                              BEE      BEE       34     17DC       0
                text46                              E49      E49       67     1C92       0
                text45                              D30      D30       59     1A60       0
                text44                              D89      D89       5F     1B12       0
                text43                              789      789       6E        8       0
                text42                              9DA      9DA        D     13B4       0
                text41                              C56      C56       42     18AC       0
                text40                              991      991        6     1322       0
                text39                              9E7      9E7        D     13CE       0
                text38                              9AD      9AD        9     135A       0
                text37                              9B6      9B6        9     136C       0
                text36                              A0F      A0F       10     141E       0
                text35                              AB9      AB9       1D     1572       0
                text34                              F18      F18       6C     1E30       0
                text33                              A69      A69       19     14D2       0
                text32                              B65      B65       28     16CA       0
                text31                              39D      39D      1DD        8       0
                text30                              B3E      B3E       27     167C       0
                text29                               3C       3C      361        8       0
                text28                              F84      F84       7C     1F08       0
                text27                              636      636       BC        8       0
                text26                              C98      C98       44     1930       0
                text25                              B8D      B8D       30     171A       0
                text24                              57A      57A       BC        8       0
                text23                              CDC      CDC       54     19B8       0
                text22                              997      997        7     132E       0
                text21                              A2F      A2F       11     145E       0
                text20                              6F2      6F2       97        8       0
                text19                              EB0      EB0       68     1D60       0
                text18                              C22      C22       34     1844       0
                text17                              A1F      A1F       10     143E       0
                text16                              A01      A01        E     1402       0
                text15                              9F4      9F4        D     13E8       0
                text14                              9BF      9BF        9     137E       0
                text13                              9C8      9C8        9     1390       0
                text12                              A40      A40       14     1480       0
                text11                              BBD      BBD       31     177A       0
                text10                              AD6      AD6       1F     15AC       0
                text9                               A54      A54       15     14A8       0
                text8                               9D1      9D1        9     13A2       0
                text7                               99E      99E        7     133C       0
                text6                               98C      98C        2     1318       0
                text5                               B19      B19       25     1632       0
                text4                               A82      A82       1B     1504       0
                text3                               A9D      A9D       1C     153A       0
                text2                               7F7      7F7        9        8       0
                text1                               AF5      AF5       24     15EA       0
                maintext                            DE8      DE8       61     1BD0       0
                cstackBANK0                          20       20       36       20       1
                cstackCOMMON                         70       70        E       70       1
                cstackBANK1                          A0       A0       17       A0       1
                clrtext                             9A5      9A5        8     134A       0
                bssBANK1                             B7       B7       14       A0       1
                dataBANK0                            69       69        3       20       1
                bssBANK0                             56       56       13       20       1
                idataBANK0                          98E      98E        3     131C       0

TOTAL           Name                               Link     Load   Length     Space
        CLASS   STACK          

        CLASS   CODE           
                end_init                             12       12        3         0
                cinit                                15       15       27         0
                intentry                              4        4        E         0
                reset_vec                             0        0        3         0
                text47                              BEE      BEE       34         0
                text46                              E49      E49       67         0
                text45                              D30      D30       59         0
                text44                              D89      D89       5F         0
                text43                              789      789       6E         0
                text42                              9DA      9DA        D         0
                text41                              C56      C56       42         0
                text40                              991      991        6         0
                text39                              9E7      9E7        D         0
                text38                              9AD      9AD        9         0
                text37                              9B6      9B6        9         0
                text36                              A0F      A0F       10         0
                text35                              AB9      AB9       1D         0
                text34                              F18      F18       6C         0
                text33                              A69      A69       19         0
                text32                              B65      B65       28         0
                text31                              39D      39D      1DD         0
                text30                              B3E      B3E       27         0
                text29                               3C       3C      361         0
                text28                              F84      F84       7C         0
                text27                              636      636       BC         0
                text26                              C98      C98       44         0
                text25                              B8D      B8D       30         0
                text24                              57A      57A       BC         0
                text23                              CDC      CDC       54         0
                text22                              997      997        7         0
                text21                              A2F      A2F       11         0
                text20                              6F2      6F2       97         0
                text19                              EB0      EB0       68         0
                text18                              C22      C22       34         0
                text17                              A1F      A1F       10         0
                text16                              A01      A01        E         0
                text15                              9F4      9F4        D         0
                text14                              9BF      9BF        9         0
                text13                              9C8      9C8        9         0
                text12                              A40      A40       14         0
                text11                              BBD      BBD       31         0
                text10                              AD6      AD6       1F         0
                text9                               A54      A54       15         0
                text8                               9D1      9D1        9         0
                text7                               99E      99E        7         0
                text6                               98C      98C        2         0
                text5                               B19      B19       25         0
                text4                               A82      A82       1B         0
                text3                               A9D      A9D       1C         0
                text2                               7F7      7F7        9         0
                text1                               AF5      AF5       24         0
                maintext                            DE8      DE8       61         0
                clrtext                             9A5      9A5        8         0
                idataBANK0                          98E      98E        3         0

        CLASS   STRCODE        

        CLASS   STRING         

        CLASS   CONST          

        CLASS   ENTRY          

        CLASS   COMMON         
                cstackCOMMON                         70       70        E         1

        CLASS   BANK0          
                cstackBANK0                          20       20       36         1
                dataBANK0                            69       69        3         1
                bssBANK0                             56       56       13         1

        CLASS   BANK1          
                cstackBANK1                          A0       A0       17         1
                bssBANK1                             B7       B7       14         1

        CLASS   BANK2          

        CLASS   BANK3          

        CLASS   RAM            

        CLASS   ABS1           
                abs_s1                               7E       7E        2         1

        CLASS   SFR0           

        CLASS   SFR1           

        CLASS   SFR2           

        CLASS   SFR3           

        CLASS   CONFIG         
                config                             2007     2007        1         0

        CLASS   IDLOC          

        CLASS   EEDATA         



SEGMENTS        Name                           Load    Length   Top    Selector   Space  Class     Delta

                reset_vec                      000000  000003  000003         0       0  CODE        2
                intentry                       000004  0007FC  000800         8       0  CODE        2
                cstackBANK0                    000020  00004C  00006C        20       1  BANK0       1
                cstackCOMMON                   000070  00000E  00007E        70       1  COMMON      1
                cstackBANK1                    0000A0  00002B  0000CB        A0       1  BANK1       1
                text6                          00098C  000002  00098E      1318       0  CODE        2
                idataBANK0                     00098E  000003  000991      131C       0  CODE        2
                text40                         000991  000006  000997      1322       0  CODE        2
                text22                         000997  000007  00099E      132E       0  CODE        2
                text7                          00099E  000007  0009A5      133C       0  CODE        2
                clrtext                        0009A5  000008  0009AD      134A       0  CODE        2
                text38                         0009AD  000009  0009B6      135A       0  CODE        2
                text37                         0009B6  000009  0009BF      136C       0  CODE        2
                text14                         0009BF  000009  0009C8      137E       0  CODE        2
                text13                         0009C8  000009  0009D1      1390       0  CODE        2
                text8                          0009D1  000009  0009DA      13A2       0  CODE        2
                text42                         0009DA  00000D  0009E7      13B4       0  CODE        2
                text39                         0009E7  00000D  0009F4      13CE       0  CODE        2
                text15                         0009F4  00000D  000A01      13E8       0  CODE        2
                text16                         000A01  00000E  000A0F      1402       0  CODE        2
                text36                         000A0F  000010  000A1F      141E       0  CODE        2
                text17                         000A1F  000010  000A2F      143E       0  CODE        2
                text21                         000A2F  000011  000A40      145E       0  CODE        2
                text12                         000A40  000014  000A54      1480       0  CODE        2
                text9                          000A54  000015  000A69      14A8       0  CODE        2
                text33                         000A69  000019  000A82      14D2       0  CODE        2
                text4                          000A82  00001B  000A9D      1504       0  CODE        2
                text3                          000A9D  00001C  000AB9      153A       0  CODE        2
                text35                         000AB9  00001D  000AD6      1572       0  CODE        2
                text10                         000AD6  00001F  000AF5      15AC       0  CODE        2
                text1                          000AF5  000024  000B19      15EA       0  CODE        2
                text5                          000B19  000025  000B3E      1632       0  CODE        2
                text30                         000B3E  000027  000B65      167C       0  CODE        2
                text32                         000B65  000028  000B8D      16CA       0  CODE        2
                text25                         000B8D  000030  000BBD      171A       0  CODE        2
                text11                         000BBD  000031  000BEE      177A       0  CODE        2
                text47                         000BEE  000034  000C22      17DC       0  CODE        2
                text18                         000C22  000034  000C56      1844       0  CODE        2
                text41                         000C56  000042  000C98      18AC       0  CODE        2
                text26                         000C98  000044  000CDC      1930       0  CODE        2
                text23                         000CDC  000054  000D30      19B8       0  CODE        2
                text45                         000D30  000059  000D89      1A60       0  CODE        2
                text44                         000D89  00005F  000DE8      1B12       0  CODE        2
                maintext                       000DE8  000061  000E49      1BD0       0  CODE        2
                text46                         000E49  000067  000EB0      1C92       0  CODE        2
                text19                         000EB0  000068  000F18      1D60       0  CODE        2
                text34                         000F18  00006C  000F84      1E30       0  CODE        2
                text28                         000F84  00007C  001000      1F08       0  CODE        2
                config                         002007  000001  002008      400E       0  CONFIG      2


UNUSED ADDRESS RANGES

        Name                Unused          Largest block    Delta
        BANK0            006C-006F              4           1
        BANK1            00CB-00EF             25           1
        BANK2            0110-016F             60           1
        BANK3            0190-01EF             60           1
        CODE             0003-0003              1           2
                         0800-098B            18C
                         1000-1FFF            800
        CONST            0003-0003              1           2
                         0800-098B            100
                         1000-1FFF            100
        EEDATA           2100-21FF            100           2
        ENTRY            0003-0003              1           2
                         0800-098B            100
                         1000-1FFF            100
        IDLOC            2000-2003              4           2
        RAM              006C-006F              4           1
                         00CB-00EF             25
                         0110-016F             60
                         0190-01EF             60
        SFR0             0000-001F             20           1
        SFR1             0080-009F             20           1
        SFR2             0100-010F             10           1
        SFR3             0180-018F             10           1
        STACK            0110-016F             60           1
        STRCODE          0003-0003              1           2
                         0800-098B            18C
                         1000-1FFF           1000
        STRING           0003-0003              1           2
                         0800-098B            100
                         1000-1FFF            100

                                  Symbol Table

?_ADC_Read                   cstackCOMMON 0070
?__Umul8_16                  cstackCOMMON 0070
?___awdiv                    cstackCOMMON 0070
?___awmod                    cstackCOMMON 0070
?___fldiv                    cstackBANK0  0026
?___flmul                    cstackBANK0  0026
?___fltol                    cstackBANK0  0040
?___lldiv                    cstackBANK1  00A0
?___lwdiv                    cstackCOMMON 0070
?___xxtofl                   cstackCOMMON 0075
ADC_Read@channel             cstackCOMMON 0074
EEPROM_read@_x               cstackBANK1  00A4
EEPROM_read@address          cstackBANK1  00A1
EEPROM_write@_x              cstackCOMMON 0073
EEPROM_write@address         cstackCOMMON 0071
I2C1_Init@freq               cstackBANK1  00AE
I2C1_Wr@_data                cstackBANK1  00A0
_ADCON0                      (abs)        001F
_ADCON1                      (abs)        009F
_ADC_Init                    text3        0A9D
_ADC_Read                    text32       0B65
_ADRESH                      (abs)        001E
_ADRESL                      (abs)        009E
_EEPROM_init                 text17       0A1F
_EEPROM_read                 text11       0BBD
_EEPROM_write                text35       0AB9
_I2C1_Init                   text18       0C22
_I2C1_Rd                     text16       0A01
_I2C1_Start                  text14       09BF
_I2C1_Stop                   text13       09C8
_I2C1_Wr                     text12       0A40
_I2C_Wait                    text15       09F4
_INTCON                      (abs)        000B
_PIE1                        (abs)        008C
_PIR1                        (abs)        000C
_PORTA                       (abs)        0005
_PORTB                       (abs)        0006
_PORTC                       (abs)        0007
_PORTD                       (abs)        0008
_SSPADD                      (abs)        0093
_SSPBUF                      (abs)        0013
_SSPCON                      (abs)        0014
_SSPCON2                     (abs)        0091
_SSPIF                       (abs)        0063
_SSPSTAT                     (abs)        0094
_T2CON                       (abs)        0012
_TMR2                        (abs)        0011
_TRISA                       (abs)        0085
_TRISB                       (abs)        0086
_TRISC                       (abs)        0087
_TRISD                       (abs)        0088
__CFG_BOREN$OFF              (abs)        0000
__CFG_CP$OFF                 (abs)        0000
__CFG_CPD$OFF                (abs)        0000
__CFG_FOSC$EXTRC             (abs)        0000
__CFG_LVP$ON                 (abs)        0000
__CFG_PWRTE$OFF              (abs)        0000
__CFG_WDTE$OFF               (abs)        0000
__CFG_WRT$OFF                (abs)        0000
__Habs1                      abs1         0000
__Hbank0                     bank0        0000
__Hbank1                     bank1        0000
__Hbank2                     bank2        0000
__Hbank3                     bank3        0000
__HbssBANK0                  bssBANK0     0000
__HbssBANK1                  bssBANK1     0000
__Hcinit                     cinit        003C
__Hclrtext                   clrtext      0000
__Hcode                      code         0000
__Hcommon                    common       0000
__Hconfig                    config       2008
__HcstackBANK0               cstackBANK0  0000
__HcstackBANK1               cstackBANK1  0000
__HcstackCOMMON              cstackCOMMON 0000
__HdataBANK0                 dataBANK0    0000
__Heeprom_data               eeprom_data  0000
__Hend_init                  end_init     0015
__Hfunctab                   functab      0000
__HidataBANK0                idataBANK0   0000
__Hidloc                     idloc        0000
__Hinit                      init         0012
__Hintentry                  intentry     0012
__Hmaintext                  maintext     0000
__Hpowerup                   powerup      0000
__Hram                       ram          0000
__Hreset_vec                 reset_vec    0003
__Hsfr0                      sfr0         0000
__Hsfr1                      sfr1         0000
__Hsfr2                      sfr2         0000
__Hsfr3                      sfr3         0000
__Hspace_0                   (abs)        2008
__Hspace_1                   (abs)        00CB
__Hspace_2                   (abs)        0000
__Hspace_3                   (abs)        0000
__Hstack                     stack        0000
__Hstrings                   strings      0000
__Htext                      text         0000
__Labs1                      abs1         0000
__Lbank0                     bank0        0000
__Lbank1                     bank1        0000
__Lbank2                     bank2        0000
__Lbank3                     bank3        0000
__LbssBANK0                  bssBANK0     0000
__LbssBANK1                  bssBANK1     0000
__Lcinit                     cinit        0015
__Lclrtext                   clrtext      0000
__Lcode                      code         0000
__Lcommon                    common       0000
__Lconfig                    config       2007
__LcstackBANK0               cstackBANK0  0000
__LcstackBANK1               cstackBANK1  0000
__LcstackCOMMON              cstackCOMMON 0000
__LdataBANK0                 dataBANK0    0000
__Leeprom_data               eeprom_data  0000
__Lend_init                  end_init     0012
__Lfunctab                   functab      0000
__LidataBANK0                idataBANK0   0000
__Lidloc                     idloc        0000
__Linit                      init         0012
__Lintentry                  intentry     0004
__Lmaintext                  maintext     0000
__Lpowerup                   powerup      0000
__Lram                       ram          0000
__Lreset_vec                 reset_vec    0000
__Lsfr0                      sfr0         0000
__Lsfr1                      sfr1         0000
__Lsfr2                      sfr2         0000
__Lsfr3                      sfr3         0000
__Lspace_0                   (abs)        0000
__Lspace_1                   (abs)        0000
__Lspace_2                   (abs)        0000
__Lspace_3                   (abs)        0000
__Lstack                     stack        0000
__Lstrings                   strings      0000
__Ltext                      text         0000
__S0                         (abs)        2008
__S1                         (abs)        00CB
__S2                         (abs)        0000
__S3                         (abs)        0000
__Umul8_16                   text30       0B3E
__Umul8_16@multiplicand      cstackCOMMON 0070
__Umul8_16@multiplier        cstackCOMMON 0078
__Umul8_16@product           cstackCOMMON 0074
__Umul8_16@word_mpld         cstackCOMMON 0076
___awdiv                     text46       0E49
___awdiv@counter             cstackCOMMON 0075
___awdiv@dividend            cstackCOMMON 0072
___awdiv@divisor             cstackCOMMON 0070
___awdiv@quotient            cstackCOMMON 0077
___awdiv@sign                cstackCOMMON 0076
___awmod                     text45       0D30
___awmod@counter             cstackCOMMON 0075
___awmod@dividend            cstackCOMMON 0072
___awmod@divisor             cstackCOMMON 0070
___awmod@sign                cstackCOMMON 0076
___fldiv                     text31       039D
___fldiv@a                   cstackBANK0  0026
___fldiv@aexp                cstackBANK0  003F
___fldiv@b                   cstackBANK0  002A
___fldiv@bexp                cstackBANK0  003E
___fldiv@grs                 cstackBANK0  003A
___fldiv@new_exp             cstackBANK0  0038
___fldiv@rem                 cstackBANK0  0033
___fldiv@sign                cstackBANK0  0037
___flmul                     text29       003C
___flmul@a                   cstackBANK0  002A
___flmul@aexp                cstackBANK0  0038
___flmul@b                   cstackBANK0  0026
___flmul@bexp                cstackBANK0  0039
___flmul@grs                 cstackBANK0  0034
___flmul@prod                cstackBANK0  003A
___flmul@sign                cstackBANK0  0033
___flmul@temp                cstackBANK0  003E
___fltol                     text28       0F84
___fltol@exp1                cstackBANK0  004A
___fltol@f1                  cstackBANK0  0040
___fltol@sign1               cstackBANK0  0049
___int_sp                    stack        0000
___latbits                   (abs)        0002
___lldiv                     text19       0EB0
___lldiv@counter             cstackBANK1  00AD
___lldiv@dividend            cstackBANK1  00A4
___lldiv@divisor             cstackBANK1  00A0
___lldiv@quotient            cstackBANK1  00A9
___lwdiv                     text26       0C98
___lwdiv@counter             cstackCOMMON 0077
___lwdiv@dividend            cstackCOMMON 0072
___lwdiv@divisor             cstackCOMMON 0070
___lwdiv@quotient            cstackCOMMON 0075
___sp                        stack        0000
___stackhi                   (abs)        0000
___stacklo                   (abs)        0000
___xxtofl                    text27       0636
___xxtofl@arg                cstackBANK0  0022
___xxtofl@exp                cstackBANK0  0021
___xxtofl@sign               cstackBANK0  0020
___xxtofl@val                cstackCOMMON 0075
__end_of_ADC_Init            text3        0AB9
__end_of_ADC_Read            text32       0B8D
__end_of_EEPROM_init         text17       0A2F
__end_of_EEPROM_read         text11       0BEE
__end_of_EEPROM_write        text35       0AD6
__end_of_I2C1_Init           text18       0C56
__end_of_I2C1_Rd             text16       0A0F
__end_of_I2C1_Start          text14       09C8
__end_of_I2C1_Stop           text13       09D1
__end_of_I2C1_Wr             text12       0A54
__end_of_I2C_Wait            text15       0A01
__end_of__Umul8_16           text30       0B65
__end_of___awdiv             text46       0EB0
__end_of___awmod             text45       0D89
__end_of___fldiv             text31       057A
__end_of___flmul             text29       039D
__end_of___fltol             text28       1000
__end_of___lldiv             text19       0F18
__end_of___lwdiv             text26       0CDC
__end_of___xxtofl            text27       06F2
__end_of__initialization     cinit        0038
__end_of_average             text25       0BBD
__end_of_display7s           text44       0DE8
__end_of_isr                 text20       0789
__end_of_led                 text47       0C22
__end_of_main                maintext     0E49
__end_of_ssd_blink           text41       0C98
__end_of_ssd_init            text10       0AF5
__end_of_ssd_turn_off        text9        0A69
__end_of_ssd_update          text43       07F7
__end_of_start_timer         text40       0997
__end_of_stop_timer          text8        09DA
__end_of_sw_action           text34       0F84
__end_of_switch_init         text7        09A5
__end_of_switch_scan         text33       0A82
__end_of_system_sleep        text6        098E
__end_of_temp_control_init   text5        0B3E
__end_of_temp_control_off    text4        0A9D
__end_of_temp_sensor_init    text2        0800
__end_of_temp_sensor_read    text24       0636
__end_of_temp_set            text23       0D30
__end_of_timer2_init         text1        0B19
__end_ofi1_I2C1_Start        text38       09B6
__end_ofi1_I2C1_Stop         text37       09BF
__end_ofi1_I2C1_Wr           text36       0A1F
__end_ofi1_I2C_Wait          text39       09F4
__end_ofi1_ssd_turn_off      text42       09E7
__end_ofi1_stop_timer        text22       099E
__end_ofi1_temp_control_off  text21       0A40
__initialization             cinit        0015
__pbssBANK0                  bssBANK0     0056
__pbssBANK1                  bssBANK1     00B7
__pcstackBANK0               cstackBANK0  0020
__pcstackBANK1               cstackBANK1  00A0
__pcstackCOMMON              cstackCOMMON 0070
__pdataBANK0                 dataBANK0    0069
__pidataBANK0                idataBANK0   098E
__pintentry                  intentry     0004
__pmaintext                  maintext     0DE8
__ptext1                     text1        0AF5
__ptext10                    text10       0AD6
__ptext11                    text11       0BBD
__ptext12                    text12       0A40
__ptext13                    text13       09C8
__ptext14                    text14       09BF
__ptext15                    text15       09F4
__ptext16                    text16       0A01
__ptext17                    text17       0A1F
__ptext18                    text18       0C22
__ptext19                    text19       0EB0
__ptext2                     text2        07F7
__ptext20                    text20       06F2
__ptext21                    text21       0A2F
__ptext22                    text22       0997
__ptext23                    text23       0CDC
__ptext24                    text24       057A
__ptext25                    text25       0B8D
__ptext26                    text26       0C98
__ptext27                    text27       0636
__ptext28                    text28       0F84
__ptext29                    text29       003C
__ptext3                     text3        0A9D
__ptext30                    text30       0B3E
__ptext31                    text31       039D
__ptext32                    text32       0B65
__ptext33                    text33       0A69
__ptext34                    text34       0F18
__ptext35                    text35       0AB9
__ptext36                    text36       0A0F
__ptext37                    text37       09B6
__ptext38                    text38       09AD
__ptext39                    text39       09E7
__ptext4                     text4        0A82
__ptext40                    text40       0991
__ptext41                    text41       0C56
__ptext42                    text42       09DA
__ptext43                    text43       0789
__ptext44                    text44       0D89
__ptext45                    text45       0D30
__ptext46                    text46       0E49
__ptext47                    text47       0BEE
__ptext5                     text5        0B19
__ptext6                     text6        098C
__ptext7                     text7        099E
__ptext8                     text8        09D1
__ptext9                     text9        0A54
__size_of_ADC_Init           (abs)        0000
__size_of_ADC_Read           (abs)        0000
__size_of_EEPROM_init        (abs)        0000
__size_of_EEPROM_read        (abs)        0000
__size_of_EEPROM_write       (abs)        0000
__size_of_I2C1_Init          (abs)        0000
__size_of_I2C1_Rd            (abs)        0000
__size_of_I2C1_Start         (abs)        0000
__size_of_I2C1_Stop          (abs)        0000
__size_of_I2C1_Wr            (abs)        0000
__size_of_I2C_Wait           (abs)        0000
__size_of__Umul8_16          (abs)        0000
__size_of___awdiv            (abs)        0000
__size_of___awmod            (abs)        0000
__size_of___fldiv            (abs)        0000
__size_of___flmul            (abs)        0000
__size_of___fltol            (abs)        0000
__size_of___lldiv            (abs)        0000
__size_of___lwdiv            (abs)        0000
__size_of___xxtofl           (abs)        0000
__size_of_average            (abs)        0000
__size_of_display7s          (abs)        0000
__size_of_isr                (abs)        0000
__size_of_led                (abs)        0000
__size_of_main               (abs)        0000
__size_of_ssd_blink          (abs)        0000
__size_of_ssd_init           (abs)        0000
__size_of_ssd_turn_off       (abs)        0000
__size_of_ssd_update         (abs)        0000
__size_of_start_timer        (abs)        0000
__size_of_stop_timer         (abs)        0000
__size_of_sw_action          (abs)        0000
__size_of_switch_init        (abs)        0000
__size_of_switch_scan        (abs)        0000
__size_of_system_sleep       (abs)        0000
__size_of_temp_control_init  (abs)        0000
__size_of_temp_control_off   (abs)        0000
__size_of_temp_sensor_init   (abs)        0000
__size_of_temp_sensor_read   (abs)        0000
__size_of_temp_set           (abs)        0000
__size_of_timer2_init        (abs)        0000
__size_ofi1_I2C1_Start       (abs)        0000
__size_ofi1_I2C1_Stop        (abs)        0000
__size_ofi1_I2C1_Wr          (abs)        0000
__size_ofi1_I2C_Wait         (abs)        0000
__size_ofi1_ssd_turn_off     (abs)        0000
__size_ofi1_stop_timer       (abs)        0000
__size_ofi1_temp_control_off (abs)        0000
_average                     text25       0B8D
_blink                       bssBANK0     005F
_display7s                   text44       0D89
_down_sw                     dataBANK0    0069
_hold_temp                   bssBANK0     0064
_i                           bssBANK0     005D
_isr                         text20       06F2
_led                         text47       0BEE
_led_timer                   bssBANK0     0056
_main                        maintext     0DE8
_mode                        bssBANK0     0063
_ones                        bssBANK0     0061
_power_mode                  dataBANK0    006B
_set_temp                    bssBANK0     0065
_ssd_blink                   text41       0C56
_ssd_delay                   bssBANK0     0067
_ssd_init                    text10       0AD6
_ssd_select                  bssBANK0     0060
_ssd_timer                   bssBANK0     0058
_ssd_turn_off                text9        0A54
_ssd_update                  text43       0789
_start_timer                 text40       0991
_state                       bssBANK0     005E
_stop_timer                  text8        09D1
_sw_action                   text34       0F18
_switch_delay                bssBANK0     0066
_switch_init                 text7        099E
_switch_scan                 text33       0A69
_switch_wait                 bssBANK0     005A
_system_sleep                text6        098C
_temp                        bssBANK0     005C
_temp_control_init           text5        0B19
_temp_control_off            text4        0A82
_temp_hold_array             bssBANK1     00B7
_temp_sensor_init            text2        07F7
_temp_sensor_read            text24       057A
_temp_set                    text23       0CDC
_temp_timer                  bssBANK0     0068
_tens                        bssBANK0     0062
_timer2_init                 text1        0AF5
_up_sw                       dataBANK0    006A
average@i                    cstackCOMMON 007D
average@sum                  cstackCOMMON 007B
btemp                        (abs)        007E
clear_ram0                   clrtext      09A5
display7s@v                  cstackCOMMON 0072
end_of_initialization        cinit        0038
i1I2C1_Wr@_data              cstackCOMMON 0070
i1_I2C1_Start                text38       09AD
i1_I2C1_Stop                 text37       09B6
i1_I2C1_Wr                   text36       0A0F
i1_I2C_Wait                  text39       09E7
i1_ssd_turn_off              text42       09DA
i1_stop_timer                text22       0997
i1_temp_control_off          text21       0A2F
interrupt_function           intentry     0004
intlevel0                    functab      0000
intlevel1                    functab      0000
intlevel2                    functab      0000
intlevel3                    functab      0000
intlevel4                    functab      0000
intlevel5                    functab      0000
reset_vec                    reset_vec    0000
saved_w                      (abs)        007E
ssd_blink@e_temp             cstackCOMMON 007D
ssd_update@temp              cstackCOMMON 007C
start                        init         0012
start_initialization         cinit        0015
temp_set@temp                cstackCOMMON 0073
wtemp0                       (abs)        007E


FUNCTION INFORMATION:

 *************** function _main *****************
 Defined at:
		line 124 in file "main_app.c"
 Parameters:    Size  Location     Type
		None
 Auto vars:     Size  Location     Type
		None
 Return value:  Size  Location     Type
                  1    wreg      void 
 Registers used:
		wreg, status,2, status,0, pclath, cstack
 Tracked objects:
		On entry : 
		On exit  : 
		Unchanged: 
 Data sizes:     COMMON   BANK0   BANK1   BANK3   BANK2
      Params:         0       0       0       0       0
      Locals:         0       0       0       0       0
      Temps:          0       0       1       0       0
      Totals:         0       0       1       0       0
Total ram usage:        1 bytes
 Hardware stack levels required when called:    8
 This function calls:
		_EEPROM_init
		_EEPROM_read
		_ssd_init
		_ssd_turn_off
		_stop_timer
		_switch_init
		_system_sleep
		_temp_control_init
		_temp_control_off
		_temp_sensor_init
		_timer2_init
 This function is called by:
		Startup code after reset
 This function uses a non-reentrant model


 *************** function _timer2_init *****************
 Defined at:
		line 8 in file "timer2.c"
 Parameters:    Size  Location     Type
		None
 Auto vars:     Size  Location     Type
		None
 Return value:  Size  Location     Type
                  1    wreg      void 
 Registers used:
		wreg, status,2, status,0
 Tracked objects:
		On entry : 
		On exit  : 
		Unchanged: 
 Data sizes:     COMMON   BANK0   BANK1   BANK3   BANK2
      Params:         0       0       0       0       0
      Locals:         0       0       0       0       0
      Temps:          0       0       1       0       0
      Totals:         0       0       1       0       0
Total ram usage:        1 bytes
 Hardware stack levels used:    1
 Hardware stack levels required when called:    5
 This function calls:
		Nothing
 This function is called by:
		_main
 This function uses a non-reentrant model


 *************** function _temp_sensor_init *****************
 Defined at:
		line 13 in file "temp_sensor.c"
 Parameters:    Size  Location     Type
		None
 Auto vars:     Size  Location     Type
		None
 Return value:  Size  Location     Type
                  1    wreg      void 
 Registers used:
		wreg, status,2, status,0, pclath, cstack
 Tracked objects:
		On entry : 
		On exit  : 
		Unchanged: 
 Data sizes:     COMMON   BANK0   BANK1   BANK3   BANK2
      Params:         0       0       0       0       0
      Locals:         0       0       0       0       0
      Temps:          0       0       0       0       0
      Totals:         0       0       0       0       0
Total ram usage:        0 bytes
 Hardware stack levels used:    1
 Hardware stack levels required when called:    6
 This function calls:
		_ADC_Init
 This function is called by:
		_main
 This function uses a non-reentrant model


 *************** function _ADC_Init *****************
 Defined at:
		line 8 in file "adc_drive.c"
 Parameters:    Size  Location     Type
		None
 Auto vars:     Size  Location     Type
		None
 Return value:  Size  Location     Type
                  1    wreg      void 
 Registers used:
		wreg, status,2, status,0
 Tracked objects:
		On entry : 
		On exit  : 
		Unchanged: 
 Data sizes:     COMMON   BANK0   BANK1   BANK3   BANK2
      Params:         0       0       0       0       0
      Locals:         0       0       0       0       0
      Temps:          0       0       1       0       0
      Totals:         0       0       1       0       0
Total ram usage:        1 bytes
 Hardware stack levels used:    1
 Hardware stack levels required when called:    5
 This function calls:
		Nothing
 This function is called by:
		_temp_sensor_init
 This function uses a non-reentrant model


 *************** function _temp_control_off *****************
 Defined at:
		line 87 in file "temp_control.c"
 Parameters:    Size  Location     Type
		None
 Auto vars:     Size  Location     Type
		None
 Return value:  Size  Location     Type
                  1    wreg      void 
 Registers used:
		wreg, status,2, status,0
 Tracked objects:
		On entry : 
		On exit  : 
		Unchanged: 
 Data sizes:     COMMON   BANK0   BANK1   BANK3   BANK2
      Params:         0       0       0       0       0
      Locals:         0       0       0       0       0
      Temps:          0       0       1       0       0
      Totals:         0       0       1       0       0
Total ram usage:        1 bytes
 Hardware stack levels used:    1
 Hardware stack levels required when called:    5
 This function calls:
		Nothing
 This function is called by:
		_main
 This function uses a non-reentrant model


 *************** function _temp_control_init *****************
 Defined at:
		line 13 in file "temp_control.c"
 Parameters:    Size  Location     Type
		None
 Auto vars:     Size  Location     Type
		None
 Return value:  Size  Location     Type
                  1    wreg      void 
 Registers used:
		wreg, status,2, status,0
 Tracked objects:
		On entry : 
		On exit  : 
		Unchanged: 
 Data sizes:     COMMON   BANK0   BANK1   BANK3   BANK2
      Params:         0       0       0       0       0
      Locals:         0       0       0       0       0
      Temps:          0       0       1       0       0
      Totals:         0       0       1       0       0
Total ram usage:        1 bytes
 Hardware stack levels used:    1
 Hardware stack levels required when called:    5
 This function calls:
		Nothing
 This function is called by:
		_main
 This function uses a non-reentrant model


 *************** function _system_sleep *****************
 Defined at:
		line 44 in file "timer2.c"
 Parameters:    Size  Location     Type
		None
 Auto vars:     Size  Location     Type
		None
 Return value:  Size  Location     Type
                  1    wreg      void 
 Registers used:
		None
 Tracked objects:
		On entry : 
		On exit  : 
		Unchanged: 
 Data sizes:     COMMON   BANK0   BANK1   BANK3   BANK2
      Params:         0       0       0       0       0
      Locals:         0       0       0       0       0
      Temps:          0       0       0       0       0
      Totals:         0       0       0       0       0
Total ram usage:        0 bytes
 Hardware stack levels used:    1
 Hardware stack levels required when called:    5
 This function calls:
		Nothing
 This function is called by:
		_main
 This function uses a non-reentrant model


 *************** function _switch_init *****************
 Defined at:
		line 15 in file "switchs.c"
 Parameters:    Size  Location     Type
		None
 Auto vars:     Size  Location     Type
		None
 Return value:  Size  Location     Type
                  1    wreg      void 
 Registers used:
		None
 Tracked objects:
		On entry : 
		On exit  : 
		Unchanged: 
 Data sizes:     COMMON   BANK0   BANK1   BANK3   BANK2
      Params:         0       0       0       0       0
      Locals:         0       0       0       0       0
      Temps:          0       0       0       0       0
      Totals:         0       0       0       0       0
Total ram usage:        0 bytes
 Hardware stack levels used:    1
 Hardware stack levels required when called:    5
 This function calls:
		Nothing
 This function is called by:
		_main
 This function uses a non-reentrant model


 *************** function _stop_timer *****************
 Defined at:
		line 25 in file "timer2.c"
 Parameters:    Size  Location     Type
		None
 Auto vars:     Size  Location     Type
		None
 Return value:  Size  Location     Type
                  1    wreg      void 
 Registers used:
		wreg, status,2, status,0
 Tracked objects:
		On entry : 
		On exit  : 
		Unchanged: 
 Data sizes:     COMMON   BANK0   BANK1   BANK3   BANK2
      Params:         0       0       0       0       0
      Locals:         0       0       0       0       0
      Temps:          0       0       1       0       0
      Totals:         0       0       1       0       0
Total ram usage:        1 bytes
 Hardware stack levels used:    1
 Hardware stack levels required when called:    5
 This function calls:
		Nothing
 This function is called by:
		_main
 This function uses a non-reentrant model


 *************** function _ssd_turn_off *****************
 Defined at:
		line 128 in file "SSD.c"
 Parameters:    Size  Location     Type
		None
 Auto vars:     Size  Location     Type
		None
 Return value:  Size  Location     Type
                  1    wreg      void 
 Registers used:
		wreg, status,2, status,0
 Tracked objects:
		On entry : 
		On exit  : 
		Unchanged: 
 Data sizes:     COMMON   BANK0   BANK1   BANK3   BANK2
      Params:         0       0       0       0       0
      Locals:         0       0       0       0       0
      Temps:          0       0       1       0       0
      Totals:         0       0       1       0       0
Total ram usage:        1 bytes
 Hardware stack levels used:    1
 Hardware stack levels required when called:    5
 This function calls:
		Nothing
 This function is called by:
		_main
 This function uses a non-reentrant model


 *************** function _ssd_init *****************
 Defined at:
		line 15 in file "SSD.c"
 Parameters:    Size  Location     Type
		None
 Auto vars:     Size  Location     Type
		None
 Return value:  Size  Location     Type
                  1    wreg      void 
 Registers used:
		wreg, status,2, status,0
 Tracked objects:
		On entry : 
		On exit  : 
		Unchanged: 
 Data sizes:     COMMON   BANK0   BANK1   BANK3   BANK2
      Params:         0       0       0       0       0
      Locals:         0       0       0       0       0
      Temps:          0       0       1       0       0
      Totals:         0       0       1       0       0
Total ram usage:        1 bytes
 Hardware stack levels used:    1
 Hardware stack levels required when called:    5
 This function calls:
		Nothing
 This function is called by:
		_main
 This function uses a non-reentrant model


 *************** function _EEPROM_read *****************
 Defined at:
		line 31 in file "eeprom.c"
 Parameters:    Size  Location     Type
  address         2    1[BANK1 ] unsigned int 
 Auto vars:     Size  Location     Type
  _x              1    4[BANK1 ] unsigned char 
 Return value:  Size  Location     Type
                  1    wreg      unsigned char 
 Registers used:
		wreg, status,2, status,0, pclath, cstack
 Tracked objects:
		On entry : 
		On exit  : 
		Unchanged: 
 Data sizes:     COMMON   BANK0   BANK1   BANK3   BANK2
      Params:         0       0       2       0       0
      Locals:         0       0       1       0       0
      Temps:          0       0       1       0       0
      Totals:         0       0       4       0       0
Total ram usage:        4 bytes
 Hardware stack levels used:    1
 Hardware stack levels required when called:    7
 This function calls:
		_I2C1_Rd
		_I2C1_Start
		_I2C1_Stop
		_I2C1_Wr
 This function is called by:
		_main
 This function uses a non-reentrant model


 *************** function _I2C1_Wr *****************
 Defined at:
		line 51 in file "I2C_drive.c"
 Parameters:    Size  Location     Type
  _data           1    wreg     unsigned char 
 Auto vars:     Size  Location     Type
  _data           1    0[BANK1 ] unsigned char 
 Return value:  Size  Location     Type
                  1    wreg      void 
 Registers used:
		wreg, status,2, status,0, pclath, cstack
 Tracked objects:
		On entry : 
		On exit  : 
		Unchanged: 
 Data sizes:     COMMON   BANK0   BANK1   BANK3   BANK2
      Params:         0       0       0       0       0
      Locals:         0       0       1       0       0
      Temps:          0       0       0       0       0
      Totals:         0       0       1       0       0
Total ram usage:        1 bytes
 Hardware stack levels used:    1
 Hardware stack levels required when called:    6
 This function calls:
		_I2C_Wait
 This function is called by:
		_EEPROM_read
 This function uses a non-reentrant model


 *************** function _I2C1_Stop *****************
 Defined at:
		line 41 in file "I2C_drive.c"
 Parameters:    Size  Location     Type
		None
 Auto vars:     Size  Location     Type
		None
 Return value:  Size  Location     Type
                  1    wreg      void 
 Registers used:
		wreg, status,2, status,0, pclath, cstack
 Tracked objects:
		On entry : 
		On exit  : 
		Unchanged: 
 Data sizes:     COMMON   BANK0   BANK1   BANK3   BANK2
      Params:         0       0       0       0       0
      Locals:         0       0       0       0       0
      Temps:          0       0       0       0       0
      Totals:         0       0       0       0       0
Total ram usage:        0 bytes
 Hardware stack levels used:    1
 Hardware stack levels required when called:    6
 This function calls:
		_I2C_Wait
 This function is called by:
		_EEPROM_read
 This function uses a non-reentrant model


 *************** function _I2C1_Start *****************
 Defined at:
		line 31 in file "I2C_drive.c"
 Parameters:    Size  Location     Type
		None
 Auto vars:     Size  Location     Type
		None
 Return value:  Size  Location     Type
                  1    wreg      void 
 Registers used:
		wreg, status,2, status,0, pclath, cstack
 Tracked objects:
		On entry : 
		On exit  : 
		Unchanged: 
 Data sizes:     COMMON   BANK0   BANK1   BANK3   BANK2
      Params:         0       0       0       0       0
      Locals:         0       0       0       0       0
      Temps:          0       0       0       0       0
      Totals:         0       0       0       0       0
Total ram usage:        0 bytes
 Hardware stack levels used:    1
 Hardware stack levels required when called:    6
 This function calls:
		_I2C_Wait
 This function is called by:
		_EEPROM_read
 This function uses a non-reentrant model


 *************** function _I2C_Wait *****************
 Defined at:
		line 8 in file "I2C_drive.c"
 Parameters:    Size  Location     Type
		None
 Auto vars:     Size  Location     Type
		None
 Return value:  Size  Location     Type
                  1    wreg      void 
 Registers used:
		wreg, status,2
 Tracked objects:
		On entry : 
		On exit  : 
		Unchanged: 
 Data sizes:     COMMON   BANK0   BANK1   BANK3   BANK2
      Params:         0       0       0       0       0
      Locals:         0       0       0       0       0
      Temps:          0       0       0       0       0
      Totals:         0       0       0       0       0
Total ram usage:        0 bytes
 Hardware stack levels used:    1
 Hardware stack levels required when called:    5
 This function calls:
		Nothing
 This function is called by:
		_I2C1_Start
		_I2C1_Stop
		_I2C1_Wr
 This function uses a non-reentrant model


 *************** function _I2C1_Rd *****************
 Defined at:
		line 62 in file "I2C_drive.c"
 Parameters:    Size  Location     Type
		None
 Auto vars:     Size  Location     Type
		None
 Return value:  Size  Location     Type
                  1    wreg      unsigned char 
 Registers used:
		wreg
 Tracked objects:
		On entry : 
		On exit  : 
		Unchanged: 
 Data sizes:     COMMON   BANK0   BANK1   BANK3   BANK2
      Params:         0       0       0       0       0
      Locals:         0       0       0       0       0
      Temps:          0       0       0       0       0
      Totals:         0       0       0       0       0
Total ram usage:        0 bytes
 Hardware stack levels used:    1
 Hardware stack levels required when called:    5
 This function calls:
		Nothing
 This function is called by:
		_EEPROM_read
 This function uses a non-reentrant model


 *************** function _EEPROM_init *****************
 Defined at:
		line 8 in file "eeprom.c"
 Parameters:    Size  Location     Type
		None
 Auto vars:     Size  Location     Type
		None
 Return value:  Size  Location     Type
                  1    wreg      void 
 Registers used:
		wreg, status,2, status,0, pclath, cstack
 Tracked objects:
		On entry : 
		On exit  : 
		Unchanged: 
 Data sizes:     COMMON   BANK0   BANK1   BANK3   BANK2
      Params:         0       0       0       0       0
      Locals:         0       0       0       0       0
      Temps:          0       0       0       0       0
      Totals:         0       0       0       0       0
Total ram usage:        0 bytes
 Hardware stack levels used:    1
 Hardware stack levels required when called:    7
 This function calls:
		_I2C1_Init
 This function is called by:
		_main
 This function uses a non-reentrant model


 *************** function _I2C1_Init *****************
 Defined at:
		line 17 in file "I2C_drive.c"
 Parameters:    Size  Location     Type
  freq            4   14[BANK1 ] unsigned long 
 Auto vars:     Size  Location     Type
		None
 Return value:  Size  Location     Type
                  1    wreg      void 
 Registers used:
		wreg, status,2, status,0, pclath, cstack
 Tracked objects:
		On entry : 
		On exit  : 
		Unchanged: 
 Data sizes:     COMMON   BANK0   BANK1   BANK3   BANK2
      Params:         0       0       4       0       0
      Locals:         0       0       0       0       0
      Temps:          0       0       4       0       0
      Totals:         0       0       8       0       0
Total ram usage:        8 bytes
 Hardware stack levels used:    1
 Hardware stack levels required when called:    6
 This function calls:
		___lldiv
 This function is called by:
		_EEPROM_init
 This function uses a non-reentrant model


 *************** function ___lldiv *****************
 Defined at:
		line 5 in file "C:\Program Files (x86)\Microchip\xc8\v2.10\pic\sources\c90\common\__lldiv.c"
 Parameters:    Size  Location     Type
  divisor         4    0[BANK1 ] unsigned long 
  dividend        4    4[BANK1 ] unsigned long 
 Auto vars:     Size  Location     Type
  quotient        4    9[BANK1 ] unsigned long 
  counter         1   13[BANK1 ] unsigned char 
 Return value:  Size  Location     Type
                  4    0[BANK1 ] unsigned long 
 Registers used:
		wreg, status,2, status,0
 Tracked objects:
		On entry : 
		On exit  : 
		Unchanged: 
 Data sizes:     COMMON   BANK0   BANK1   BANK3   BANK2
      Params:         0       0       8       0       0
      Locals:         0       0       5       0       0
      Temps:          0       0       1       0       0
      Totals:         0       0      14       0       0
Total ram usage:       14 bytes
 Hardware stack levels used:    1
 Hardware stack levels required when called:    5
 This function calls:
		Nothing
 This function is called by:
		_I2C1_Init
 This function uses a non-reentrant model


 *************** function _isr *****************
 Defined at:
		line 75 in file "main_app.c"
 Parameters:    Size  Location     Type
		None
 Auto vars:     Size  Location     Type
		None
 Return value:  Size  Location     Type
                  1    wreg      void 
 Registers used:
		wreg, fsr0l, fsr0h, status,2, status,0, btemp+1, pclath, cstack
 Tracked objects:
		On entry : 
		On exit  : 
		Unchanged: 
 Data sizes:     COMMON   BANK0   BANK1   BANK3   BANK2
      Params:         0       0       0       0       0
      Locals:         0       0       0       0       0
      Temps:          0       6       0       0       0
      Totals:         0       6       0       0       0
Total ram usage:        6 bytes
 Hardware stack levels used:    1
 Hardware stack levels required when called:    4
 This function calls:
		_led
		_ssd_blink
		_ssd_update
		_start_timer
		_sw_action
		_switch_scan
		_temp_sensor_read
		_temp_set
		i1_ssd_turn_off
		i1_stop_timer
		i1_temp_control_off
 This function is called by:
		Interrupt level 1
 This function uses a non-reentrant model


 *************** function i1_temp_control_off *****************
 Defined at:
		line 87 in file "temp_control.c"
 Parameters:    Size  Location     Type
		None
 Auto vars:     Size  Location     Type
		None
 Return value:  Size  Location     Type
                  1    wreg      void 
 Registers used:
		wreg, status,2, status,0
 Tracked objects:
		On entry : 
		On exit  : 
		Unchanged: 
 Data sizes:     COMMON   BANK0   BANK1   BANK3   BANK2
      Params:         0       0       0       0       0
      Locals:         0       0       0       0       0
      Temps:          1       0       0       0       0
      Totals:         1       0       0       0       0
Total ram usage:        1 bytes
 Hardware stack levels used:    1
 This function calls:
		Nothing
 This function is called by:
		_isr
 This function uses a non-reentrant model


 *************** function i1_stop_timer *****************
 Defined at:
		line 25 in file "timer2.c"
 Parameters:    Size  Location     Type
		None
 Auto vars:     Size  Location     Type
		None
 Return value:  Size  Location     Type
                  1    wreg      void 
 Registers used:
		wreg, status,2, status,0
 Tracked objects:
		On entry : 
		On exit  : 
		Unchanged: 
 Data sizes:     COMMON   BANK0   BANK1   BANK3   BANK2
      Params:         0       0       0       0       0
      Locals:         0       0       0       0       0
      Temps:          1       0       0       0       0
      Totals:         1       0       0       0       0
Total ram usage:        1 bytes
 Hardware stack levels used:    1
 This function calls:
		Nothing
 This function is called by:
		_isr
 This function uses a non-reentrant model


 *************** function _temp_set *****************
 Defined at:
		line 32 in file "temp_control.c"
 Parameters:    Size  Location     Type
  temp            1    wreg     unsigned char 
 Auto vars:     Size  Location     Type
  temp            1    3[COMMON] unsigned char 
 Return value:  Size  Location     Type
                  1    wreg      void 
 Registers used:
		wreg, status,2, status,0
 Tracked objects:
		On entry : 
		On exit  : 
		Unchanged: 
 Data sizes:     COMMON   BANK0   BANK1   BANK3   BANK2
      Params:         0       0       0       0       0
      Locals:         1       0       0       0       0
      Temps:          3       0       0       0       0
      Totals:         4       0       0       0       0
Total ram usage:        4 bytes
 Hardware stack levels used:    1
 This function calls:
		Nothing
 This function is called by:
		_isr
 This function uses a non-reentrant model


 *************** function _temp_sensor_read *****************
 Defined at:
		line 37 in file "temp_sensor.c"
 Parameters:    Size  Location     Type
		None
 Auto vars:     Size  Location     Type
		None
 Return value:  Size  Location     Type
                  1    wreg      unsigned char 
 Registers used:
		wreg, fsr0l, fsr0h, status,2, status,0, btemp+1, pclath, cstack
 Tracked objects:
		On entry : 
		On exit  : 
		Unchanged: 
 Data sizes:     COMMON   BANK0   BANK1   BANK3   BANK2
      Params:         0       0       0       0       0
      Locals:         0       0       0       0       0
      Temps:          0       5       0       0       0
      Totals:         0       5       0       0       0
Total ram usage:        5 bytes
 Hardware stack levels used:    1
 Hardware stack levels required when called:    2
 This function calls:
		_ADC_Read
		___fldiv
		___flmul
		___fltol
		___xxtofl
		_average
 This function is called by:
		_isr
 This function uses a non-reentrant model


 *************** function _average *****************
 Defined at:
		line 23 in file "temp_sensor.c"
 Parameters:    Size  Location     Type
		None
 Auto vars:     Size  Location     Type
  sum             2   11[COMMON] unsigned int 
  i               1   13[COMMON] unsigned char 
 Return value:  Size  Location     Type
                  1    wreg      unsigned char 
 Registers used:
		wreg, fsr0l, fsr0h, status,2, status,0, pclath, cstack
 Tracked objects:
		On entry : 
		On exit  : 
		Unchanged: 
 Data sizes:     COMMON   BANK0   BANK1   BANK3   BANK2
      Params:         0       0       0       0       0
      Locals:         3       0       0       0       0
      Temps:          3       0       0       0       0
      Totals:         6       0       0       0       0
Total ram usage:        6 bytes
 Hardware stack levels used:    1
 Hardware stack levels required when called:    1
 This function calls:
		___lwdiv
 This function is called by:
		_temp_sensor_read
 This function uses a non-reentrant model


 *************** function ___lwdiv *****************
 Defined at:
		line 5 in file "C:\Program Files (x86)\Microchip\xc8\v2.10\pic\sources\c90\common\lwdiv.c"
 Parameters:    Size  Location     Type
  divisor         2    0[COMMON] unsigned int 
  dividend        2    2[COMMON] unsigned int 
 Auto vars:     Size  Location     Type
  quotient        2    5[COMMON] unsigned int 
  counter         1    7[COMMON] unsigned char 
 Return value:  Size  Location     Type
                  2    0[COMMON] unsigned int 
 Registers used:
		wreg, status,2, status,0
 Tracked objects:
		On entry : 
		On exit  : 
		Unchanged: 
 Data sizes:     COMMON   BANK0   BANK1   BANK3   BANK2
      Params:         4       0       0       0       0
      Locals:         3       0       0       0       0
      Temps:          1       0       0       0       0
      Totals:         8       0       0       0       0
Total ram usage:        8 bytes
 Hardware stack levels used:    1
 This function calls:
		Nothing
 This function is called by:
		_average
 This function uses a non-reentrant model


 *************** function ___xxtofl *****************
 Defined at:
		line 10 in file "C:\Program Files (x86)\Microchip\xc8\v2.10\pic\sources\c90\common\xxtofl.c"
 Parameters:    Size  Location     Type
  sign            1    wreg     unsigned char 
  val             4    5[COMMON] long 
 Auto vars:     Size  Location     Type
  sign            1    0[BANK0 ] unsigned char 
  arg             4    2[BANK0 ] unsigned long 
  exp             1    1[BANK0 ] unsigned char 
 Return value:  Size  Location     Type
                  4    5[COMMON] unsigned char 
 Registers used:
		wreg, status,2, status,0
 Tracked objects:
		On entry : 
		On exit  : 
		Unchanged: 
 Data sizes:     COMMON   BANK0   BANK1   BANK3   BANK2
      Params:         4       0       0       0       0
      Locals:         0       6       0       0       0
      Temps:          4       0       0       0       0
      Totals:         8       6       0       0       0
Total ram usage:       14 bytes
 Hardware stack levels used:    1
 This function calls:
		Nothing
 This function is called by:
		_temp_sensor_read
 This function uses a non-reentrant model


 *************** function ___fltol *****************
 Defined at:
		line 43 in file "C:\Program Files (x86)\Microchip\xc8\v2.10\pic\sources\c90\common\fltol.c"
 Parameters:    Size  Location     Type
  f1              4   32[BANK0 ] unsigned char 
 Auto vars:     Size  Location     Type
  exp1            1   42[BANK0 ] unsigned char 
  sign1           1   41[BANK0 ] unsigned char 
 Return value:  Size  Location     Type
                  4   32[BANK0 ] long 
 Registers used:
		wreg, status,2, status,0
 Tracked objects:
		On entry : 
		On exit  : 
		Unchanged: 
 Data sizes:     COMMON   BANK0   BANK1   BANK3   BANK2
      Params:         0       4       0       0       0
      Locals:         0       2       0       0       0
      Temps:          0       5       0       0       0
      Totals:         0      11       0       0       0
Total ram usage:       11 bytes
 Hardware stack levels used:    1
 This function calls:
		Nothing
 This function is called by:
		_temp_sensor_read
 This function uses a non-reentrant model


 *************** function ___flmul *****************
 Defined at:
		line 8 in file "C:\Program Files (x86)\Microchip\xc8\v2.10\pic\sources\c90\common\sprcmul.c"
 Parameters:    Size  Location     Type
  b               4    6[BANK0 ] long 
  a               4   10[BANK0 ] long 
 Auto vars:     Size  Location     Type
  prod            4   26[BANK0 ] struct .
  grs             4   20[BANK0 ] unsigned long 
  temp            2   30[BANK0 ] struct .
  bexp            1   25[BANK0 ] unsigned char 
  aexp            1   24[BANK0 ] unsigned char 
  sign            1   19[BANK0 ] unsigned char 
 Return value:  Size  Location     Type
                  4    6[BANK0 ] unsigned char 
 Registers used:
		wreg, status,2, status,0, btemp+1, pclath, cstack
 Tracked objects:
		On entry : 
		On exit  : 
		Unchanged: 
 Data sizes:     COMMON   BANK0   BANK1   BANK3   BANK2
      Params:         0       8       0       0       0
      Locals:         0      13       0       0       0
      Temps:          0       5       0       0       0
      Totals:         0      26       0       0       0
Total ram usage:       26 bytes
 Hardware stack levels used:    1
 Hardware stack levels required when called:    1
 This function calls:
		__Umul8_16
 This function is called by:
		_temp_sensor_read
 This function uses a non-reentrant model


 *************** function __Umul8_16 *****************
 Defined at:
		line 4 in file "C:\Program Files (x86)\Microchip\xc8\v2.10\pic\sources\c90\common\Umul8_16.c"
 Parameters:    Size  Location     Type
  multiplier      1    wreg     unsigned char 
  multiplicand    1    0[COMMON] unsigned char 
 Auto vars:     Size  Location     Type
  multiplier      1    8[COMMON] unsigned char 
  word_mpld       2    6[COMMON] unsigned int 
  product         2    4[COMMON] unsigned int 
 Return value:  Size  Location     Type
                  2    0[COMMON] unsigned int 
 Registers used:
		wreg, status,2, status,0
 Tracked objects:
		On entry : 
		On exit  : 
		Unchanged: 
 Data sizes:     COMMON   BANK0   BANK1   BANK3   BANK2
      Params:         2       0       0       0       0
      Locals:         5       0       0       0       0
      Temps:          2       0       0       0       0
      Totals:         9       0       0       0       0
Total ram usage:        9 bytes
 Hardware stack levels used:    1
 This function calls:
		Nothing
 This function is called by:
		___flmul
 This function uses a non-reentrant model


 *************** function ___fldiv *****************
 Defined at:
		line 8 in file "C:\Program Files (x86)\Microchip\xc8\v2.10\pic\sources\c90\common\sprcdiv.c"
 Parameters:    Size  Location     Type
  a               4    6[BANK0 ] unsigned int 
  b               4   10[BANK0 ] unsigned int 
 Auto vars:     Size  Location     Type
  grs             4   26[BANK0 ] unsigned long 
  rem             4   19[BANK0 ] unsigned long 
  new_exp         2   24[BANK0 ] int 
  aexp            1   31[BANK0 ] unsigned char 
  bexp            1   30[BANK0 ] unsigned char 
  sign            1   23[BANK0 ] unsigned char 
 Return value:  Size  Location     Type
                  4    6[BANK0 ] unsigned char 
 Registers used:
		wreg, status,2, status,0, btemp+1
 Tracked objects:
		On entry : 
		On exit  : 
		Unchanged: 
 Data sizes:     COMMON   BANK0   BANK1   BANK3   BANK2
      Params:         0       8       0       0       0
      Locals:         0      13       0       0       0
      Temps:          0       5       0       0       0
      Totals:         0      26       0       0       0
Total ram usage:       26 bytes
 Hardware stack levels used:    1
 This function calls:
		Nothing
 This function is called by:
		_temp_sensor_read
 This function uses a non-reentrant model


 *************** function _ADC_Read *****************
 Defined at:
		line 29 in file "adc_drive.c"
 Parameters:    Size  Location     Type
  channel         1    wreg     unsigned char 
 Auto vars:     Size  Location     Type
  channel         1    4[COMMON] unsigned char 
 Return value:  Size  Location     Type
                  2    0[COMMON] unsigned int 
 Registers used:
		wreg, status,2, status,0
 Tracked objects:
		On entry : 
		On exit  : 
		Unchanged: 
 Data sizes:     COMMON   BANK0   BANK1   BANK3   BANK2
      Params:         2       0       0       0       0
      Locals:         1       0       0       0       0
      Temps:          2       0       0       0       0
      Totals:         5       0       0       0       0
Total ram usage:        5 bytes
 Hardware stack levels used:    1
 This function calls:
		Nothing
 This function is called by:
		_temp_sensor_read
 This function uses a non-reentrant model


 *************** function _switch_scan *****************
 Defined at:
		line 28 in file "switchs.c"
 Parameters:    Size  Location     Type
		None
 Auto vars:     Size  Location     Type
		None
 Return value:  Size  Location     Type
                  1    wreg      void 
 Registers used:
		wreg, status,2, status,0
 Tracked objects:
		On entry : 
		On exit  : 
		Unchanged: 
 Data sizes:     COMMON   BANK0   BANK1   BANK3   BANK2
      Params:         0       0       0       0       0
      Locals:         0       0       0       0       0
      Temps:          1       0       0       0       0
      Totals:         1       0       0       0       0
Total ram usage:        1 bytes
 Hardware stack levels used:    1
 This function calls:
		Nothing
 This function is called by:
		_isr
 This function uses a non-reentrant model


 *************** function _sw_action *****************
 Defined at:
		line 50 in file "switchs.c"
 Parameters:    Size  Location     Type
		None
 Auto vars:     Size  Location     Type
		None
 Return value:  Size  Location     Type
                  1    wreg      void 
 Registers used:
		wreg, fsr0l, fsr0h, status,2, status,0, pclath, cstack
 Tracked objects:
		On entry : 
		On exit  : 
		Unchanged: 
 Data sizes:     COMMON   BANK0   BANK1   BANK3   BANK2
      Params:         0       0       0       0       0
      Locals:         0       0       0       0       0
      Temps:          2       0       0       0       0
      Totals:         2       0       0       0       0
Total ram usage:        2 bytes
 Hardware stack levels used:    1
 Hardware stack levels required when called:    3
 This function calls:
		_EEPROM_write
 This function is called by:
		_isr
 This function uses a non-reentrant model


 *************** function _EEPROM_write *****************
 Defined at:
		line 18 in file "eeprom.c"
 Parameters:    Size  Location     Type
  address         2    1[COMMON] unsigned int 
  _x              1    3[COMMON] unsigned char 
 Auto vars:     Size  Location     Type
		None
 Return value:  Size  Location     Type
                  1    wreg      void 
 Registers used:
		wreg, status,2, status,0, pclath, cstack
 Tracked objects:
		On entry : 
		On exit  : 
		Unchanged: 
 Data sizes:     COMMON   BANK0   BANK1   BANK3   BANK2
      Params:         3       0       0       0       0
      Locals:         0       0       0       0       0
      Temps:          0       0       0       0       0
      Totals:         3       0       0       0       0
Total ram usage:        3 bytes
 Hardware stack levels used:    1
 Hardware stack levels required when called:    2
 This function calls:
		i1_I2C1_Start
		i1_I2C1_Stop
		i1_I2C1_Wr
 This function is called by:
		_sw_action
 This function uses a non-reentrant model


 *************** function i1_I2C1_Wr *****************
 Defined at:
		line 51 in file "I2C_drive.c"
 Parameters:    Size  Location     Type
  _data           1    wreg     unsigned char 
 Auto vars:     Size  Location     Type
  _data           1    0[COMMON] unsigned char 
 Return value:  Size  Location     Type
                  1    wreg      void 
 Registers used:
		wreg, status,2, status,0, pclath, cstack
 Tracked objects:
		On entry : 
		On exit  : 
		Unchanged: 
 Data sizes:     COMMON   BANK0   BANK1   BANK3   BANK2
      Params:         0       0       0       0       0
      Locals:         1       0       0       0       0
      Temps:          0       0       0       0       0
      Totals:         1       0       0       0       0
Total ram usage:        1 bytes
 Hardware stack levels used:    1
 Hardware stack levels required when called:    1
 This function calls:
		i1_I2C_Wait
 This function is called by:
		_EEPROM_write
 This function uses a non-reentrant model


 *************** function i1_I2C1_Stop *****************
 Defined at:
		line 41 in file "I2C_drive.c"
 Parameters:    Size  Location     Type
		None
 Auto vars:     Size  Location     Type
		None
 Return value:  Size  Location     Type
                  1    wreg      void 
 Registers used:
		wreg, status,2, status,0, pclath, cstack
 Tracked objects:
		On entry : 
		On exit  : 
		Unchanged: 
 Data sizes:     COMMON   BANK0   BANK1   BANK3   BANK2
      Params:         0       0       0       0       0
      Locals:         0       0       0       0       0
      Temps:          0       0       0       0       0
      Totals:         0       0       0       0       0
Total ram usage:        0 bytes
 Hardware stack levels used:    1
 Hardware stack levels required when called:    1
 This function calls:
		i1_I2C_Wait
 This function is called by:
		_EEPROM_write
 This function uses a non-reentrant model


 *************** function i1_I2C1_Start *****************
 Defined at:
		line 31 in file "I2C_drive.c"
 Parameters:    Size  Location     Type
		None
 Auto vars:     Size  Location     Type
		None
 Return value:  Size  Location     Type
                  1    wreg      void 
 Registers used:
		wreg, status,2, status,0, pclath, cstack
 Tracked objects:
		On entry : 
		On exit  : 
		Unchanged: 
 Data sizes:     COMMON   BANK0   BANK1   BANK3   BANK2
      Params:         0       0       0       0       0
      Locals:         0       0       0       0       0
      Temps:          0       0       0       0       0
      Totals:         0       0       0       0       0
Total ram usage:        0 bytes
 Hardware stack levels used:    1
 Hardware stack levels required when called:    1
 This function calls:
		i1_I2C_Wait
 This function is called by:
		_EEPROM_write
 This function uses a non-reentrant model


 *************** function i1_I2C_Wait *****************
 Defined at:
		line 8 in file "I2C_drive.c"
 Parameters:    Size  Location     Type
		None
 Auto vars:     Size  Location     Type
		None
 Return value:  Size  Location     Type
                  1    wreg      void 
 Registers used:
		wreg, status,2
 Tracked objects:
		On entry : 
		On exit  : 
		Unchanged: 
 Data sizes:     COMMON   BANK0   BANK1   BANK3   BANK2
      Params:         0       0       0       0       0
      Locals:         0       0       0       0       0
      Temps:          0       0       0       0       0
      Totals:         0       0       0       0       0
Total ram usage:        0 bytes
 Hardware stack levels used:    1
 This function calls:
		Nothing
 This function is called by:
		i1_I2C1_Start
		i1_I2C1_Stop
		i1_I2C1_Wr
 This function uses a non-reentrant model


 *************** function _start_timer *****************
 Defined at:
		line 34 in file "timer2.c"
 Parameters:    Size  Location     Type
		None
 Auto vars:     Size  Location     Type
		None
 Return value:  Size  Location     Type
                  1    wreg      void 
 Registers used:
		wreg
 Tracked objects:
		On entry : 
		On exit  : 
		Unchanged: 
 Data sizes:     COMMON   BANK0   BANK1   BANK3   BANK2
      Params:         0       0       0       0       0
      Locals:         0       0       0       0       0
      Temps:          0       0       0       0       0
      Totals:         0       0       0       0       0
Total ram usage:        0 bytes
 Hardware stack levels used:    1
 This function calls:
		Nothing
 This function is called by:
		_isr
 This function uses a non-reentrant model


 *************** function _ssd_blink *****************
 Defined at:
		line 140 in file "SSD.c"
 Parameters:    Size  Location     Type
  e_temp          1    wreg     unsigned char 
 Auto vars:     Size  Location     Type
  e_temp          1   13[COMMON] unsigned char 
 Return value:  Size  Location     Type
                  1    wreg      void 
 Registers used:
		wreg, fsr0l, fsr0h, status,2, status,0, pclath, cstack
 Tracked objects:
		On entry : 
		On exit  : 
		Unchanged: 
 Data sizes:     COMMON   BANK0   BANK1   BANK3   BANK2
      Params:         0       0       0       0       0
      Locals:         1       0       0       0       0
      Temps:          0       2       0       0       0
      Totals:         1       2       0       0       0
Total ram usage:        3 bytes
 Hardware stack levels used:    1
 Hardware stack levels required when called:    2
 This function calls:
		_ssd_update
		i1_ssd_turn_off
 This function is called by:
		_isr
 This function uses a non-reentrant model


 *************** function i1_ssd_turn_off *****************
 Defined at:
		line 128 in file "SSD.c"
 Parameters:    Size  Location     Type
		None
 Auto vars:     Size  Location     Type
		None
 Return value:  Size  Location     Type
                  1    wreg      void 
 Registers used:
		wreg, status,2, status,0
 Tracked objects:
		On entry : 
		On exit  : 
		Unchanged: 
 Data sizes:     COMMON   BANK0   BANK1   BANK3   BANK2
      Params:         0       0       0       0       0
      Locals:         0       0       0       0       0
      Temps:          1       0       0       0       0
      Totals:         1       0       0       0       0
Total ram usage:        1 bytes
 Hardware stack levels used:    1
 This function calls:
		Nothing
 This function is called by:
		_isr
		_ssd_blink
 This function uses a non-reentrant model


 *************** function _ssd_update *****************
 Defined at:
		line 95 in file "SSD.c"
 Parameters:    Size  Location     Type
  temp            1    wreg     unsigned char 
 Auto vars:     Size  Location     Type
  temp            1   12[COMMON] unsigned char 
 Return value:  Size  Location     Type
                  1    wreg      void 
 Registers used:
		wreg, fsr0l, fsr0h, status,2, status,0, pclath, cstack
 Tracked objects:
		On entry : 
		On exit  : 
		Unchanged: 
 Data sizes:     COMMON   BANK0   BANK1   BANK3   BANK2
      Params:         0       0       0       0       0
      Locals:         1       0       0       0       0
      Temps:          3       0       0       0       0
      Totals:         4       0       0       0       0
Total ram usage:        4 bytes
 Hardware stack levels used:    1
 Hardware stack levels required when called:    1
 This function calls:
		___awdiv
		___awmod
		_display7s
 This function is called by:
		_isr
		_ssd_blink
 This function uses a non-reentrant model


 *************** function _display7s *****************
 Defined at:
		line 31 in file "SSD.c"
 Parameters:    Size  Location     Type
  v               1    wreg     unsigned char 
 Auto vars:     Size  Location     Type
  v               1    2[COMMON] unsigned char 
 Return value:  Size  Location     Type
                  1    wreg      unsigned char 
 Registers used:
		wreg, fsr0l, fsr0h, status,2, status,0
 Tracked objects:
		On entry : 
		On exit  : 
		Unchanged: 
 Data sizes:     COMMON   BANK0   BANK1   BANK3   BANK2
      Params:         0       0       0       0       0
      Locals:         1       0       0       0       0
      Temps:          2       0       0       0       0
      Totals:         3       0       0       0       0
Total ram usage:        3 bytes
 Hardware stack levels used:    1
 This function calls:
		Nothing
 This function is called by:
		_ssd_update
 This function uses a non-reentrant model


 *************** function ___awmod *****************
 Defined at:
		line 5 in file "C:\Program Files (x86)\Microchip\xc8\v2.10\pic\sources\c90\common\awmod.c"
 Parameters:    Size  Location     Type
  divisor         2    0[COMMON] int 
  dividend        2    2[COMMON] int 
 Auto vars:     Size  Location     Type
  sign            1    6[COMMON] unsigned char 
  counter         1    5[COMMON] unsigned char 
 Return value:  Size  Location     Type
                  2    0[COMMON] int 
 Registers used:
		wreg, status,2, status,0
 Tracked objects:
		On entry : 
		On exit  : 
		Unchanged: 
 Data sizes:     COMMON   BANK0   BANK1   BANK3   BANK2
      Params:         4       0       0       0       0
      Locals:         2       0       0       0       0
      Temps:          1       0       0       0       0
      Totals:         7       0       0       0       0
Total ram usage:        7 bytes
 Hardware stack levels used:    1
 This function calls:
		Nothing
 This function is called by:
		_ssd_update
 This function uses a non-reentrant model


 *************** function ___awdiv *****************
 Defined at:
		line 5 in file "C:\Program Files (x86)\Microchip\xc8\v2.10\pic\sources\c90\common\awdiv.c"
 Parameters:    Size  Location     Type
  divisor         2    0[COMMON] int 
  dividend        2    2[COMMON] int 
 Auto vars:     Size  Location     Type
  quotient        2    7[COMMON] int 
  sign            1    6[COMMON] unsigned char 
  counter         1    5[COMMON] unsigned char 
 Return value:  Size  Location     Type
                  2    0[COMMON] int 
 Registers used:
		wreg, status,2, status,0
 Tracked objects:
		On entry : 
		On exit  : 
		Unchanged: 
 Data sizes:     COMMON   BANK0   BANK1   BANK3   BANK2
      Params:         4       0       0       0       0
      Locals:         4       0       0       0       0
      Temps:          1       0       0       0       0
      Totals:         9       0       0       0       0
Total ram usage:        9 bytes
 Hardware stack levels used:    1
 This function calls:
		Nothing
 This function is called by:
		_ssd_update
 This function uses a non-reentrant model


 *************** function _led *****************
 Defined at:
		line 58 in file "temp_control.c"
 Parameters:    Size  Location     Type
		None
 Auto vars:     Size  Location     Type
		None
 Return value:  Size  Location     Type
                  1    wreg      void 
 Registers used:
		wreg, fsr0l, fsr0h, status,2, status,0
 Tracked objects:
		On entry : 
		On exit  : 
		Unchanged: 
 Data sizes:     COMMON   BANK0   BANK1   BANK3   BANK2
      Params:         0       0       0       0       0
      Locals:         0       0       0       0       0
      Temps:          2       0       0       0       0
      Totals:         2       0       0       0       0
Total ram usage:        2 bytes
 Hardware stack levels used:    1
 This function calls:
		Nothing
 This function is called by:
		_isr
 This function uses a non-reentrant model



MODULE INFORMATION

Module		Function		Class		Link	Load	Size
adc_drive.c
		_ADC_Read      		CODE           	0B65	0000	41
		_ADC_Init      		CODE           	0A9D	0000	29

adc_drive.c estimated size: 70

C:\Program Files (x86)\Microchip\xc8\v2.10\pic\sources\c90\common\lwdiv.c
		___lwdiv       		CODE           	0C98	0000	69

C:\Program Files (x86)\Microchip\xc8\v2.10\pic\sources\c90\common\lwdiv.c estimated size: 69

C:\Program Files (x86)\Microchip\xc8\v2.10\pic\sources\c90\common\awdiv.c
		___awdiv       		CODE           	0E49	0000	104

C:\Program Files (x86)\Microchip\xc8\v2.10\pic\sources\c90\common\awdiv.c estimated size: 104

C:\Program Files (x86)\Microchip\xc8\v2.10\pic\sources\c90\common\fltol.c
		___fltol       		CODE           	0F84	0000	125

C:\Program Files (x86)\Microchip\xc8\v2.10\pic\sources\c90\common\fltol.c estimated size: 125

SSD.c
		_display7s     		CODE           	0D89	0000	96
		_ssd_init      		CODE           	0AD6	0000	32
		_ssd_blink     		CODE           	0C56	0000	67
		_ssd_update    		CODE           	0789	0000	111
		_ssd_turn_off  		CODE           	0A54	0000	22

SSD.c estimated size: 328

main_app.c
		_main          		CODE           	0DE8	0000	98
		_isr           		CODE           	06F2	0000	152

main_app.c estimated size: 250

temp_control.c
		_temp_set      		CODE           	0CDC	0000	85
		_temp_control_off		CODE           	0A82	0000	28
		_led           		CODE           	0BEE	0000	53
		_temp_control_init		CODE           	0B19	0000	38

temp_control.c estimated size: 204

timer2.c
		_system_sleep  		CODE           	098C	0000	3
		_timer2_init   		CODE           	0AF5	0000	37
		_start_timer   		CODE           	0991	0000	7
		_stop_timer    		CODE           	09D1	0000	10

timer2.c estimated size: 57

C:\Program Files (x86)\Microchip\xc8\v2.10\pic\sources\c90\common\sprcmul.c
		___flmul       		CODE           	003C	0000	866

C:\Program Files (x86)\Microchip\xc8\v2.10\pic\sources\c90\common\sprcmul.c estimated size: 866

C:\Program Files (x86)\Microchip\xc8\v2.10\pic\sources\c90\common\Umul8_16.c
		__Umul8_16     		CODE           	0B3E	0000	40

C:\Program Files (x86)\Microchip\xc8\v2.10\pic\sources\c90\common\Umul8_16.c estimated size: 40

C:\Program Files (x86)\Microchip\xc8\v2.10\pic\sources\c90\common\__lldiv.c
		___lldiv       		CODE           	0EB0	0000	105

C:\Program Files (x86)\Microchip\xc8\v2.10\pic\sources\c90\common\__lldiv.c estimated size: 105

eeprom.c
		_EEPROM_read   		CODE           	0BBD	0000	50
		_EEPROM_init   		CODE           	0A1F	0000	17
		_EEPROM_write  		CODE           	0AB9	0000	30

eeprom.c estimated size: 97

C:\Program Files (x86)\Microchip\xc8\v2.10\pic\sources\c90\common\sprcdiv.c
		___fldiv       		CODE           	039D	0000	478

C:\Program Files (x86)\Microchip\xc8\v2.10\pic\sources\c90\common\sprcdiv.c estimated size: 478

C:\Program Files (x86)\Microchip\xc8\v2.10\pic\sources\c90\common\xxtofl.c
		___xxtofl      		CODE           	0636	0000	189

C:\Program Files (x86)\Microchip\xc8\v2.10\pic\sources\c90\common\xxtofl.c estimated size: 189

switchs.c
		_sw_action     		CODE           	0F18	0000	109
		_switch_scan   		CODE           	0A69	0000	26
		_switch_init   		CODE           	099E	0000	8

switchs.c estimated size: 143

shared
		i1_I2C_Wait    		CODE           	09E7	0000	14
		i1_temp_control_off		CODE           	0A2F	0000	18
		i1_ssd_turn_off		CODE           	09DA	0000	14
		__initialization		CODE           	0015	0000	36
		i1_stop_timer  		CODE           	0997	0000	8
		i1_I2C1_Wr     		CODE           	0A0F	0000	17
		i1_I2C1_Stop   		CODE           	09B6	0000	10
		i1_I2C1_Start  		CODE           	09AD	0000	10

shared estimated size: 127

C:\Program Files (x86)\Microchip\xc8\v2.10\pic\sources\c90\common\awmod.c
		___awmod       		CODE           	0D30	0000	90

C:\Program Files (x86)\Microchip\xc8\v2.10\pic\sources\c90\common\awmod.c estimated size: 90

I2C_drive.c
		_I2C1_Init     		CODE           	0C22	0000	53
		_I2C1_Rd       		CODE           	0A01	0000	15
		_I2C_Wait      		CODE           	09F4	0000	14
		_I2C1_Wr       		CODE           	0A40	0000	21
		_I2C1_Stop     		CODE           	09C8	0000	10
		_I2C1_Start    		CODE           	09BF	0000	10

I2C_drive.c estimated size: 123

temp_sensor.c
		_temp_sensor_read		CODE           	057A	0000	189
		_temp_sensor_init		CODE           	07F7	0000	10
		_average       		CODE           	0B8D	0000	49

temp_sensor.c estimated size: 248

